Component: ARM Compiler 5.05 update 2 (build 169) Tool: armlink [4d0f33]

==============================================================================

Section Cross References

    main.o(i.Hardware_Test) refers to led.o(i.LED_INIT_Test) for LED_INIT_Test
    main.o(i.Hardware_Test) refers to led.o(i.BEEP_On) for BEEP_On
    main.o(i.Hardware_Test) refers to stm32f7xx_hal_gpio.o(i.HAL_GPIO_WritePin) for HAL_GPIO_WritePin
    main.o(i.Hardware_Test) refers to 24cxx.o(i.AT24CXX_Check) for AT24CXX_Check
    main.o(i.Hardware_Test) refers to iwdg.o(i.IWDG_Feed) for IWDG_Feed
    main.o(i.Hardware_Test) refers to delay.o(i.delay_ms) for delay_ms
    main.o(i.Hardware_Test) refers to w5500.o(i.PHY_Check) for PHY_Check
    main.o(i.Peripheral_Init) refers to mpu.o(i.MPU_Memory_Protection) for MPU_Memory_Protection
    main.o(i.Peripheral_Init) refers to stm32f7xx_hal.o(i.HAL_Init) for HAL_Init
    main.o(i.Peripheral_Init) refers to sys.o(i.Stm32_Clock_Init) for Stm32_Clock_Init
    main.o(i.Peripheral_Init) refers to delay.o(i.delay_init) for delay_init
    main.o(i.Peripheral_Init) refers to usart.o(i.uart_init) for uart_init
    main.o(i.Peripheral_Init) refers to rng.o(i.RNG_Init) for RNG_Init
    main.o(i.Peripheral_Init) refers to led.o(i.LED_Init) for LED_Init
    main.o(i.Peripheral_Init) refers to led.o(i.BEEP_Init) for BEEP_Init
    main.o(i.Peripheral_Init) refers to 32dido.o(i.Digital_Data_Init) for Digital_Data_Init
    main.o(i.Peripheral_Init) refers to 24cxx.o(i.AT24CXX_Init) for AT24CXX_Init
    main.o(i.Peripheral_Init) refers to spi_w5500.o(i.W5500_STM32) for W5500_STM32
    main.o(i.Peripheral_Init) refers to w5500.o(i.SET_W5500_MAC) for SET_W5500_MAC
    main.o(i.Peripheral_Init) refers to 24cxx.o(i.AT24C02_System_Config_Initialiation) for AT24C02_System_Config_Initialiation
    main.o(i.Peripheral_Init) refers to spi_w5500.o(i.W5500_Start) for W5500_Start
    main.o(i.Peripheral_Init) refers to adc.o(i.Rheostat_Init) for Rheostat_Init
    main.o(i.Peripheral_Init) refers to rtc.o(i.RTC_Init) for RTC_Init
    main.o(i.Peripheral_Init) refers to sht30.o(i.T_IIC_Init) for T_IIC_Init
    main.o(i.Peripheral_Init) refers to sht30.o(i.SHT_Init) for SHT_Init
    main.o(i.Peripheral_Init) refers to ad5676.o(i.AD5676_Init) for AD5676_Init
    main.o(i.Peripheral_Init) refers to led.o(i.BEEP_On) for BEEP_On
    main.o(i.Peripheral_Init) refers to stm32f7xx_hal_gpio.o(i.HAL_GPIO_WritePin) for HAL_GPIO_WritePin
    main.o(i.Peripheral_Init) refers to ad5676.o(i.SPI2_Send3Byte) for SPI2_Send3Byte
    main.o(i.Peripheral_Init) refers to malloc.o(i.my_mem_init) for my_mem_init
    main.o(i.Peripheral_Init) refers to main.o(i.Hardware_Test) for Hardware_Test
    main.o(i.Peripheral_Init) refers to exfuns.o(i.exfuns_init) for exfuns_init
    main.o(i.Peripheral_Init) refers to ff.o(i.f_mount) for f_mount
    main.o(i.Peripheral_Init) refers to timer.o(i.TIM3_Init) for TIM3_Init
    main.o(i.Peripheral_Init) refers to iwdg.o(i.IWDG_Init) for IWDG_Init
    main.o(i.Peripheral_Init) refers to exfuns.o(.bss) for fs
    main.o(i.SD_Check) refers to sd.o(i.SD_Init) for SD_Init
    main.o(i.SD_Check) refers to ff.o(i.f_mount) for f_mount
    main.o(i.SD_Check) refers to exfuns.o(.bss) for fs
    main.o(i.Send_NetLable) refers to 24cxx.o(i.AT24CXX_Read) for AT24CXX_Read
    main.o(i.Send_NetLable) refers to define.o(i.GetXor) for GetXor
    main.o(i.Send_NetLable) refers to socket.o(i.sendto) for sendto
    main.o(i.Send_NetLable) refers to main.o(i.SD_Check) for SD_Check
    main.o(i.Send_NetLable) refers to fattester.o(i.SD_Creat_CSVFile) for SD_Creat_CSVFile
    main.o(i.Send_NetLable) refers to 24cxx.o(i.AT24CXX_Write) for AT24CXX_Write
    main.o(i.Send_NetLable) refers to define.o(.data) for Connect_OK
    main.o(i.Send_NetLable) refers to define.o(.bss) for Tx_Buffer
    main.o(i.main) refers to main.o(i.Peripheral_Init) for Peripheral_Init
    main.o(i.main) refers to main.o(i.Hardware_Test) for Hardware_Test
    main.o(i.main) refers to stm32f7xx_hal_gpio.o(i.HAL_GPIO_WritePin) for HAL_GPIO_WritePin
    main.o(i.main) refers to led.o(i.BEEP_On) for BEEP_On
    main.o(i.main) refers to 24cxx.o(i.AT24CXX_Check) for AT24CXX_Check
    main.o(i.main) refers to stm32f7xx_hal_gpio.o(i.HAL_GPIO_TogglePin) for HAL_GPIO_TogglePin
    main.o(i.main) refers to iwdg.o(i.IWDG_Feed) for IWDG_Feed
    main.o(i.main) refers to delay.o(i.delay_ms) for delay_ms
    main.o(i.main) refers to w5500.o(i.PHY_Check) for PHY_Check
    main.o(i.main) refers to main.o(i.SD_Check) for SD_Check
    main.o(i.main) refers to udp_demo.o(i.do_udp) for do_udp
    main.o(i.main) refers to didoaiao.o(i.DigitalData_AnalogData_InputProcess) for DigitalData_AnalogData_InputProcess
    main.o(i.main) refers to main.o(i.Send_NetLable) for Send_NetLable
    main.o(i.main) refers to 24cxx.o(i.AT24CXX_Read) for AT24CXX_Read
    main.o(i.main) refers to tcp_demo.o(i.do_tcp_server_for_firmwareupadate) for do_tcp_server_for_firmwareupadate
[...]
    TIM3_Init                                0x0800981d   Thumb Code    36  timer.o(i.TIM3_Init)
    TIM4_IRQHandler                          0x08009849   Thumb Code    58  usmart.o(i.TIM4_IRQHandler)
    TIM_Base_SetConfig                       0x0800988d   Thumb Code   184  stm32f7xx_hal_tim.o(i.TIM_Base_SetConfig)
    T_IIC_Ack                                0x08009971   Thumb Code    82  sht30.o(i.T_IIC_Ack)
    T_IIC_Init                               0x080099c9   Thumb Code    80  sht30.o(i.T_IIC_Init)
    T_IIC_NAck                               0x08009a21   Thumb Code    82  sht30.o(i.T_IIC_NAck)
    T_IIC_Read_Byte                          0x08009a79   Thumb Code   106  sht30.o(i.T_IIC_Read_Byte)
    T_IIC_Send_Byte                          0x08009ae9   Thumb Code   128  sht30.o(i.T_IIC_Send_Byte)
    T_IIC_Start                              0x08009b6d   Thumb Code    82  sht30.o(i.T_IIC_Start)
    T_IIC_Stop                               0x08009bc5   Thumb Code    80  sht30.o(i.T_IIC_Stop)
    T_IIC_Wait_Ack                           0x08009c19   Thumb Code   102  sht30.o(i.T_IIC_Wait_Ack)
    Temperature_Humidity                     0x08009c85   Thumb Code   140  sht30.o(i.Temperature_Humidity)
    TimeService_Temperature_Humidity         0x08009d11   Thumb Code   300  lot.o(i.TimeService_Temperature_Humidity)
    Timer4_Init                              0x08009e65   Thumb Code    80  usmart.o(i.Timer4_Init)
    UART4_IRQHandler                         0x08009ec1   Thumb Code    66  usart.o(i.UART4_IRQHandler)
    UART_AdvFeatureConfig                    0x08009f11   Thumb Code   234  stm32f7xx_hal_uart.o(i.UART_AdvFeatureConfig)
    UART_CheckIdleState                      0x08009ffb   Thumb Code   116  stm32f7xx_hal_uart.o(i.UART_CheckIdleState)
    UART_SetConfig                           0x0800a151   Thumb Code   858  stm32f7xx_hal_uart.o(i.UART_SetConfig)
    UART_WaitOnFlagUntilTimeout              0x0800a547   Thumb Code   108  stm32f7xx_hal_uart.o(i.UART_WaitOnFlagUntilTimeout)
    UsageFault_Handler                       0x0800a5b3   Thumb Code     4  stm32f7xx_it.o(i.UsageFault_Handler)
    W5500_CS_Init                            0x0800a5b9   Thumb Code    56  spi_w5500.o(i.W5500_CS_Init)
    W5500_EXTI_Init                          0x0800a5f9   Thumb Code    76  spi_w5500.o(i.W5500_EXTI_Init)
    W5500_Reset                              0x0800a651   Thumb Code    38  spi_w5500.o(i.W5500_Reset)
    W5500_Reset_Pin                          0x0800a67d   Thumb Code    56  spi_w5500.o(i.W5500_Reset_Pin)
    W5500_STM32                              0x0800a6bd   Thumb Code    20  spi_w5500.o(i.W5500_STM32)
    W5500_Start                              0x0800a6d1   Thumb Code    46  spi_w5500.o(i.W5500_Start)
    _is_digit                                0x0800a70d   Thumb Code    14  __printf_wp.o(i._is_digit)
    _sys_exit                                0x0800a71b   Thumb Code     4  usart.o(i._sys_exit)
    close                                    0x0800a8a3   Thumb Code    52  socket.o(i.close)
    delay_init                               0x0800ade9   Thumb Code    16  delay.o(i.delay_init)
    delay_ms                                 0x0800adfd   Thumb Code    24  delay.o(i.delay_ms)
    delay_us                                 0x0800ae15   Thumb Code    68  delay.o(i.delay_us)
    disk_initialize                          0x0800b5c5   Thumb Code    32  diskio.o(i.disk_initialize)
    disk_ioctl                               0x0800b5e5   Thumb Code   102  diskio.o(i.disk_ioctl)
    disk_read                                0x0800b651   Thumb Code    86  diskio.o(i.disk_read)
    disk_status                              0x0800b6a7   Thumb Code     6  diskio.o(i.disk_status)
    disk_write                               0x0800b6ad   Thumb Code    86  diskio.o(i.disk_write)
    do_tcp_server_for_firmwareupadate        0x0800b705   Thumb Code   336  tcp_demo.o(i.do_tcp_server_for_firmwareupadate)
    do_udp                                   0x0800b869   Thumb Code   502  udp_demo.o(i.do_udp)
    exfuns_init                              0x0800ba79   Thumb Code   114  exfuns.o(i.exfuns_init)
    f_close                                  0x0800bafd   Thumb Code    38  ff.o(i.f_close)
    f_closedir                               0x0800bb23   Thumb Code    24  ff.o(i.f_closedir)
    f_getfree                                0x0800bb3b   Thumb Code   358  ff.o(i.f_getfree)
    f_getlabel                               0x0800bca1   Thumb Code   278  ff.o(i.f_getlabel)
    f_gets                                   0x0800bdb7   Thumb Code    82  ff.o(i.f_gets)
    f_lseek                                  0x0800be09   Thumb Code  1050  ff.o(i.f_lseek)
    f_mkdir                                  0x0800c223   Thumb Code   500  ff.o(i.f_mkdir)
    f_mkfs                                   0x0800c419   Thumb Code  1384  ff.o(i.f_mkfs)
    f_mount                                  0x0800c989   Thumb Code    86  ff.o(i.f_mount)
    f_open                                   0x0800c9e5   Thumb Code   700  ff.o(i.f_open)
    f_opendir                                0x0800cca1   Thumb Code   226  ff.o(i.f_opendir)
    f_putc                                   0x0800cd83   Thumb Code    64  ff.o(i.f_putc)
    f_puts                                   0x0800cdc3   Thumb Code    74  ff.o(i.f_puts)
    f_read                                   0x0800ce0d   Thumb Code   552  ff.o(i.f_read)
    f_readdir                                0x0800d035   Thumb Code   122  ff.o(i.f_readdir)
    f_rename                                 0x0800d0af   Thumb Code   438  ff.o(i.f_rename)
    f_setlabel                               0x0800d265   Thumb Code   612  ff.o(i.f_setlabel)
    f_sync                                   0x0800d4cd   Thumb Code   398  ff.o(i.f_sync)
    f_unlink                                 0x0800d65b   Thumb Code   300  ff.o(i.f_unlink)
    f_write                                  0x0800d787   Thumb Code   658  ff.o(i.f_write)
    ff_convert                               0x0800da19   Thumb Code   116  cc936.o(i.ff_convert)
    ff_memalloc                              0x0800da95   Thumb Code    14  diskio.o(i.ff_memalloc)
    ff_memfree                               0x0800daa3   Thumb Code    14  diskio.o(i.ff_memfree)
    ff_wtoupper                              0x0800dab1   Thumb Code   156  cc936.o(i.ff_wtoupper)
    fputc                                    0x0800e16d   Thumb Code    24  usart.o(i.fputc)
    getIINCHIP_TxMAX                         0x0800e255   Thumb Code    10  w5500.o(i.getIINCHIP_TxMAX)
    getPHYStatus                             0x0800e265   Thumb Code    12  w5500.o(i.getPHYStatus)
    getSn_IR                                 0x0800e271   Thumb Code    18  w5500.o(i.getSn_IR)
    getSn_RX_RSR                             0x0800e283   Thumb Code    84  w5500.o(i.getSn_RX_RSR)
    getSn_SR                                 0x0800e2d7   Thumb Code    18  w5500.o(i.getSn_SR)
    getSn_TX_FSR                             0x0800e2e9   Thumb Code    84  w5500.o(i.getSn_TX_FSR)
    get_fattime                              0x0800e4b7   Thumb Code     4  diskio.o(i.get_fattime)
    heart_beat_test                          0x0800e725   Thumb Code   114  lot.o(i.heart_beat_test)
    iap_load_app                             0x0800e7ad   Thumb Code    36  iap.o(i.iap_load_app)
    listen                                   0x0800e885   Thumb Code    62  socket.o(i.listen)
    main                                     0x0800e9dd   Thumb Code   242  main.o(i.main)
    mf_close                                 0x0800eb2d   Thumb Code    14  fattester.o(i.mf_close)
    mf_closedir                              0x0800eb41   Thumb Code    10  fattester.o(i.mf_closedir)
    mf_fmkfs                                 0x0800eb51   Thumb Code    20  fattester.o(i.mf_fmkfs)
    mf_getlabel                              0x0800eb65   Thumb Code    58  fattester.o(i.mf_getlabel)
    mf_gets                                  0x0800ebe9   Thumb Code    38  fattester.o(i.mf_gets)
    mf_lseek                                 0x0800ec35   Thumb Code    18  fattester.o(i.mf_lseek)
    mf_mkdir                                 0x0800ec4d   Thumb Code    12  fattester.o(i.mf_mkdir)
    mf_mount                                 0x0800ec59   Thumb Code    20  fattester.o(i.mf_mount)
    mf_open                                  0x0800ec71   Thumb Code    24  fattester.o(i.mf_open)
    mf_opendir                               0x0800ec8d   Thumb Code    14  fattester.o(i.mf_opendir)
    mf_putc                                  0x0800eca1   Thumb Code    18  fattester.o(i.mf_putc)
    mf_puts                                  0x0800ecb9   Thumb Code    18  fattester.o(i.mf_puts)
    mf_read                                  0x0800ecd1   Thumb Code   224  fattester.o(i.mf_read)
    mf_readdir                               0x0800ee29   Thumb Code   178  fattester.o(i.mf_readdir)
    mf_rename                                0x0800efed   Thumb Code    16  fattester.o(i.mf_rename)
    mf_scan_files                            0x0800effd   Thumb Code    70  fattester.o(i.mf_scan_files)
    mf_setlabel                              0x0800f05d   Thumb Code    34  fattester.o(i.mf_setlabel)
    mf_showfree                              0x0800f0b9   Thumb Code    88  fattester.o(i.mf_showfree)
    mf_size                                  0x0800f161   Thumb Code     8  fattester.o(i.mf_size)
    mf_tell                                  0x0800f16d   Thumb Code     8  fattester.o(i.mf_tell)
    mf_unlink                                0x0800f179   Thumb Code    12  fattester.o(i.mf_unlink)
    mf_write                                 0x0800f185   Thumb Code    68  fattester.o(i.mf_write)
    my_mem_free                              0x0800f271   Thumb Code    96  malloc.o(i.my_mem_free)
    my_mem_init                              0x0800f2dd   Thumb Code    34  malloc.o(i.my_mem_init)
    my_mem_malloc                            0x0800f309   Thumb Code   156  malloc.o(i.my_mem_malloc)
    my_mem_perused                           0x0800f3b1   Thumb Code    56  malloc.o(i.my_mem_perused)
    myfree                                   0x0800f3f1   Thumb Code    30  malloc.o(i.myfree)
    mymalloc                                 0x0800f415   Thumb Code    34  malloc.o(i.mymalloc)
    mymemset                                 0x0800f43d   Thumb Code    20  malloc.o(i.mymemset)
    read_addr                                0x0800f6e1   Thumb Code     6  usmart.o(i.read_addr)
    recv                                     0x0800f6e7   Thumb Code    66  socket.o(i.recv)
    recv_data_processing                     0x0800f729   Thumb Code   116  w5500.o(i.recv_data_processing)
    recvfrom                                 0x0800f7bd   Thumb Code   668  socket.o(i.recvfrom)
    send                                     0x0800fb71   Thumb Code   220  socket.o(i.send)
    send_data_processing                     0x0800fc61   Thumb Code   116  w5500.o(i.send_data_processing)
    sendto                                   0x0800fcf5   Thumb Code   278  socket.o(i.sendto)
    setDIPR                                  0x0800fe11   Thumb Code    64  w5500.o(i.setDIPR)
    setDPORT                                 0x0800fe51   Thumb Code    56  w5500.o(i.setDPORT)
    setGAR                                   0x0800fe89   Thumb Code    16  w5500.o(i.setGAR)
    setSHAR                                  0x0800fe99   Thumb Code    18  w5500.o(i.setSHAR)
    setSIPR                                  0x0800feab   Thumb Code    18  w5500.o(i.setSIPR)
    setSUBR                                  0x0800febd   Thumb Code    18  w5500.o(i.setSUBR)
    setSn_IR                                 0x0800fecf   Thumb Code    22  w5500.o(i.setSn_IR)
    setSn_PORT                               0x0800fee5   Thumb Code    36  w5500.o(i.setSn_PORT)
    sht30_read_temp_humi                     0x0800ff09   Thumb Code   198  sht30.o(i.sht30_read_temp_humi)
    socket                                   0x0800ffd1   Thumb Code   214  socket.o(i.socket)
    socket_buf_init                          0x080100b1   Thumb Code   128  w5500.o(i.socket_buf_init)
    uart_init                                0x08010351   Thumb Code    44  usart.o(i.uart_init)
    usmart_cmd_rec                           0x08010389   Thumb Code   170  usmart.o(i.usmart_cmd_rec)
    usmart_exe                               0x08010439   Thumb Code   632  usmart.o(i.usmart_exe)
    usmart_get_aparm                         0x0801070d   Thumb Code   212  usmart_str.o(i.usmart_get_aparm)
    usmart_get_cmdname                       0x080107e1   Thumb Code    54  usmart_str.o(i.usmart_get_cmdname)
    usmart_get_fname                         0x08010819   Thumb Code   440  usmart_str.o(i.usmart_get_fname)
    usmart_get_fparam                        0x080109d9   Thumb Code   262  usmart_str.o(i.usmart_get_fparam)
    usmart_get_parmpos                       0x08010ae5   Thumb Code    26  usmart_str.o(i.usmart_get_parmpos)
    usmart_get_runtime                       0x08010b05   Thumb Code    58  usmart.o(i.usmart_get_runtime)
    usmart_init                              0x08010b49   Thumb Code    36  usmart.o(i.usmart_init)
    usmart_pow                               0x08010b71   Thumb Code    22  usmart_str.o(i.usmart_pow)
    usmart_reset_runtime                     0x08010b89   Thumb Code    44  usmart.o(i.usmart_reset_runtime)
    usmart_scan                              0x08010bbd   Thumb Code   120  usmart.o(i.usmart_scan)
    usmart_search_nextc                      0x08010c79   Thumb Code    22  usmart_str.o(i.usmart_search_nextc)
    usmart_str2num                           0x08010c8f   Thumb Code   262  usmart_str.o(i.usmart_str2num)
    usmart_strcmp                            0x08010d95   Thumb Code    34  usmart_str.o(i.usmart_strcmp)
    usmart_strcopy                           0x08010db7   Thumb Code    22  usmart_str.o(i.usmart_strcopy)
    usmart_strlen                            0x08010dcd   Thumb Code    24  usmart_str.o(i.usmart_strlen)
    usmart_sys_cmd_exe                       0x08010de5   Thumb Code  1570  usmart.o(i.usmart_sys_cmd_exe)
    wiz_read_buf                             0x0801151d   Thumb Code    90  spi_w5500.o(i.wiz_read_buf)
    wiz_write_buf                            0x08011595   Thumb Code    92  spi_w5500.o(i.wiz_write_buf)
    write_addr                               0x0801160d   Thumb Code     4  usmart.o(i.write_addr)
    _fp_init                                 0x08011697   Thumb Code    10  fpinit.o(x$fpl$fpinit)
    __fplib_config_fpu_vfp                   0x0801169f   Thumb Code     0  fpinit.o(x$fpl$fpinit)
    __fplib_config_pureend_doubles           0x0801169f   Thumb Code     0  fpinit.o(x$fpl$fpinit)
    AHBPrescTable                            0x080116a0   Data          16  system_stm32f7xx.o(.constdata)
    APBPrescTable                            0x080116b0   Data           8  system_stm32f7xx.o(.constdata)
    memtblsize                               0x0803c2c0   Data          12  malloc.o(.constdata)
    memblksize                               0x0803c2cc   Data          12  malloc.o(.constdata)
    memsize                                  0x0803c2d8   Data          12  malloc.o(.constdata)
    Region$$Table$$Base                      0x0803c63c   Number         0  anon$$obj.o(Region$$Table)
    Region$$Table$$Limit                     0x0803c65c   Number         0  anon$$obj.o(Region$$Table)
    mem3base                                 0x20000000   Data       61440  malloc.o(.ARM.__AT_0x20000000)
    mem3mapbase                              0x2000f000   Data        3840  malloc.o(.ARM.__AT_0x2000F000)
    SystemCoreClock                          0x20020000   Data           4  system_stm32f7xx.o(.data)
    __stdout                                 0x20020008   Data           4  usart.o(.data)
    USART_RX_STA                             0x2002000c   Data           2  usart.o(.data)
    aRxBuffer                                0x2002000e   Data           1  usart.o(.data)
    uwTick                                   0x20020010   Data           4  stm32f7xx_hal.o(.data)
    RTC_DateStruct                           0x20020014   Data           4  rtc.o(.data)
    txsize                                   0x20020018   Data           8  w5500.o(.data)
    rxsize                                   0x20020020   Data           8  w5500.o(.data)
    udp_local_port                           0x20020028   Data           2  w5500_conf.o(.data)
    udp_remote_port                          0x2002002a   Data           2  w5500_conf.o(.data)
    tcp_local_port                           0x2002002c   Data           2  w5500_conf.o(.data)
    tcp_remote_port                          0x2002002e   Data           2  w5500_conf.o(.data)
    ip_from                                  0x20020030   Data           1  w5500_conf.o(.data)
    dhcp_ok                                  0x20020031   Data           1  w5500_conf.o(.data)
    ms                                       0x20020034   Data           4  w5500_conf.o(.data)
    dhcp_time                                0x20020038   Data           4  w5500_conf.o(.data)
    ntptimer                                 0x2002003c   Data           1  w5500_conf.o(.data)
    Timer_Couter                             0x20020040   Data           4  timer.o(.data)
    Timer_Couter_Minute                      0x20020044   Data           1  timer.o(.data)
    timers                                   0x20020048   Data           4  timer.o(.data)
    LED_receive_timers                       0x2002004c   Data           1  timer.o(.data)
    LED_send_timers                          0x2002004d   Data           1  timer.o(.data)
    AnalogDataOutput_New                     0x2002004e   Data           4  8aoai_protocol.o(.data)
    AnalogDataOutput_Old                     0x20020052   Data           4  8aoai_protocol.o(.data)
    AD5676_DAC                               0x20020056   Data           8  8aoai_protocol.o(.data)
    Net_DigitalDataIn                        0x2002005e   Data           5  32dido_protocol.o(.data)
    DigitalInputNew                          0x20020063   Data           4  32dido_protocol.o(.data)
    DigitalInputOld                          0x20020067   Data           4  32dido_protocol.o(.data)
    DigitalDataInputStates                   0x2002006b   Data           4  32dido_protocol.o(.data)
    DigitalOutNew                            0x2002006f   Data           4  32dido_protocol.o(.data)
    DigitalOutOld                            0x20020073   Data           4  32dido_protocol.o(.data)
    Connect_OK                               0x20020078   Data           1  define.o(.data)
    reboot_flag                              0x20020079   Data           1  define.o(.data)
    Replay                                   0x2002007a   Data           1  define.o(.data)
    Analog_Data_Ouput_Old                    0x2002007b   Data           8  define.o(.data)
    APP_Running_Flash                        0x20020083   Data           1  define.o(.data)
    SendandReceiveTimes                      0x20020084   Data           4  define.o(.data)
    Digital_Analog_Inputtimes                0x20020088   Data           1  define.o(.data)
    Digital_Analog_Outputtimes               0x20020089   Data           1  define.o(.data)
    app_running_address                      0x2002008c   Data           4  define.o(.data)
    DataSent                                 0x20020090   Data           1  define.o(.data)
    DataReceived                             0x20020091   Data           1  define.o(.data)
    Software_Version                         0x20020092   Data           2  define.o(.data)
    firstsendDIAI                            0x20020094   Data           1  define.o(.data)
    DataExchangeNum                          0x20020096   Data           2  didoaiao.o(.data)
    jump2app                                 0x20020098   Data           4  iap.o(.data)
    address                                  0x2002009c   Data           4  tcp_demo.o(.data)
    isErased                                 0x200200a0   Data           1  tcp_demo.o(.data)
    file                                     0x200200a4   Data           4  exfuns.o(.data)
    ftemp                                    0x200200a8   Data           4  exfuns.o(.data)
    br                                       0x200200ac   Data           4  exfuns.o(.data)
    bw                                       0x200200b0   Data           4  exfuns.o(.data)
    fatbuf                                   0x200200b4   Data           4  exfuns.o(.data)
    sys_cmd_tab                              0x200200b8   Data          28  usmart.o(.data)
    usmart_nametab                           0x200200d4   Data         192  usmart_config.o(.data)
    usmart_dev                               0x20020194   Data         244  usmart_config.o(.data)
    mallco_dev                               0x20020288   Data          36  malloc.o(.data)
    USART_RX_BUF                             0x200202ac   Data         200  usart.o(.bss)
    UART4_Handler                            0x20020374   Data         112  usart.o(.bss)
    pFlash                                   0x200203e4   Data          28  stm32f7xx_hal_flash.o(.bss)
    hspi_ad5676                              0x20020400   Data         100  ad5676.o(.bss)
    ADC_ConvertedValue                       0x20020464   Data          12  adc.o(.bss)
    ADC_CovertValueToReadFromDMA             0x20020470   Data          12  adc.o(.bss)
    DMA_Init_Handle                          0x2002047c   Data          96  adc.o(.bss)
    ADC_Handle                               0x200204dc   Data          72  adc.o(.bss)
    ADC_Config                               0x20020524   Data          16  adc.o(.bss)
    ADC_ConvertedValue2                      0x20020534   Data          12  adc.o(.bss)
    I2C_BUFF                                 0x20020540   Data          37  24cxx.o(.bss)
    IWDG_Handler                             0x20020568   Data          16  iwdg.o(.bss)
    RTC_Handler                              0x20020578   Data          32  rtc.o(.bss)
    RTC_TimeStruct                           0x20020598   Data          24  rtc.o(.bss)
    hspi_w5500                               0x200205b0   Data         100  spi_w5500.o(.bss)
    SSIZE                                    0x20020614   Data          16  w5500.o(.bss)
    RSIZE                                    0x20020624   Data          16  w5500.o(.bss)
    SDCARD_Handler                           0x20020638   Data          96  sd.o(.bss)
    SDCardInfo                               0x20020698   Data          88  sd.o(.bss)
    SDTxDMAHandler                           0x200206f0   Data          96  sd.o(.bss)
    SDRxDMAHandler                           0x20020750   Data          96  sd.o(.bss)
    SDIO_DATA_BUFFER                         0x200207b0   Data         512  sd.o(.bss)
    TIM3_Handler                             0x200209b0   Data          60  timer.o(.bss)
    RNG_Handler                              0x200209ec   Data          12  rng.o(.bss)
    Net_DigitalDataOut                       0x200209f8   Data          14  32dido_protocol.o(.bss)
    Tx_Buffer                                0x20020a06   Data        2048  define.o(.bss)
    Rx_Buffer                                0x20021206   Data        2048  define.o(.bss)
    W5500_Parameter_Configuration            0x20021a06   Data          46  define.o(.bss)
    BUFFER_SAVE                              0x20021a34   Data          26  define.o(.bss)
    ADC_Convert_new                          0x20021a4e   Data          12  didoaiao.o(.bss)
    ADC_Convert_old                          0x20021a5a   Data          12  didoaiao.o(.bss)
    fs                                       0x20021a78   Data          12  exfuns.o(.bss)
    fileinfo                                 0x20021a88   Data         288  exfuns.o(.bss)
    dir                                      0x20021ba8   Data          72  exfuns.o(.bss)
    TIM4_Handler                             0x20021bf0   Data          60  usmart.o(.bss)
    mem1base                                 0x20021c40   Data       163840  malloc.o(.bss)
    mem1mapbase                              0x20049c40   Data       10240  malloc.o(.bss)
    __libspace_start                         0x2004c440   Data          96  libspace.o(.bss)
    __temporary_stack_top$libspace           0x2004c4a0   Data           0  libspace.o(.bss)
    mem2base                                 0xc01f4000   Data       29605888  malloc.o(.ARM.__AT_0xC01F4000)
    mem2mapbase                              0xc1e30000   Data       1850368  malloc.o(.ARM.__AT_0xC1E30000)



==============================================================================

Memory Map of the image

  Image Entry point : 0x080001f9

  Load Region LR_IROM1 (Base: 0x08000000, Size: 0x0003c908, Max: 0x00100000, ABSOLUTE, COMPRESSED[0x0003c760])

    Execution Region ER_IROM1 (Base: 0x08000000, Size: 0x0003c65c, Max: 0x00100000, ABSOLUTE)

    Base Addr    Size         Type   Attr      Idx    E Section Name        Object

    0x08000000   0x000001f8   Data   RO          737    RESET               startup_stm32f767xx.o
    0x080001f8   0x00000008   Code   RO        13757  * !!!main             c_w.l(__main.o)
    0x08000200   0x00000034   Code   RO        14029    !!!scatter          c_w.l(__scatter.o)
    0x08000234   0x0000005a   Code   RO        14027    !!dczerorl2         c_w.l(__dczerorl2.o)
    0x0800028e   0x00000002   PAD
    0x08000290   0x0000001c   Code   RO        14031    !!handler_zi        c_w.l(__scatter_zi.o)
    0x080002ac   0x00000000   Code   RO        13728    .ARM.Collect$$_printf_percent$$00000000  c_w.l(_printf_percent.o)
    0x080002ac   0x0000000a   Code   RO        13805    .ARM.Collect$$_printf_percent$$00000007  c_w.l(_printf_ll.o)
    0x080002b6   0x00000006   Code   RO        13725    .ARM.Collect$$_printf_percent$$00000009  c_w.l(_printf_d.o)
    0x080002bc   0x00000006   Code   RO        13726    .ARM.Collect$$_printf_percent$$0000000A  c_w.l(_printf_u.o)
    0x080002c2   0x00000006   Code   RO        13724    .ARM.Collect$$_printf_percent$$0000000C  c_w.l(_printf_x.o)
    0x080002c8   0x00000006   Code   RO        13729    .ARM.Collect$$_printf_percent$$0000000E  c_w.l(_printf_lld.o)
    0x080002ce   0x00000006   Code   RO        13722    .ARM.Collect$$_printf_percent$$00000013  c_w.l(_printf_c.o)
    0x080002d4   0x00000006   Code   RO        13723    .ARM.Collect$$_printf_percent$$00000014  c_w.l(_printf_s.o)
    0x080002da   0x00000004   Code   RO        13802    .ARM.Collect$$_printf_percent$$00000017  c_w.l(_printf_percent_end.o)
    0x080002de   0x00000002   Code   RO        13902    .ARM.Collect$$libinit$$00000000  c_w.l(libinit.o)
    0x080002e0   0x00000004   Code   RO        13903    .ARM.Collect$$libinit$$00000001  c_w.l(libinit2.o)
    0x080002e4   0x00000000   Code   RO        13906    .ARM.Collect$$libinit$$00000004  c_w.l(libinit2.o)
    0x080002e4   0x00000000   Code   RO        13909    .ARM.Collect$$libinit$$0000000A  c_w.l(libinit2.o)
    0x080002e4   0x00000000   Code   RO        13911    .ARM.Collect$$libinit$$0000000C  c_w.l(libinit2.o)
    0x080002e4   0x00000000   Code   RO        13913    .ARM.Collect$$libinit$$0000000E  c_w.l(libinit2.o)
    0x080002e4   0x00000000   Code   RO        13916    .ARM.Collect$$libinit$$00000011  c_w.l(libinit2.o)
    0x080002e4   0x00000000   Code   RO        13918    .ARM.Collect$$libinit$$00000013  c_w.l(libinit2.o)
    0x080002e4   0x00000000   Code   RO        13920    .ARM.Collect$$libinit$$00000015  c_w.l(libinit2.o)
    0x080002e4   0x00000000   Code   RO        13922    .ARM.Collect$$libinit$$00000017  c_w.l(libinit2.o)
    0x080002e4   0x00000000   Code   RO        13924    .ARM.Collect$$libinit$$00000019  c_w.l(libinit2.o)
    0x080002e4   0x00000000   Code   RO        13926    .ARM.Collect$$libinit$$0000001B  c_w.l(libinit2.o)
    0x080002e4   0x00000000   Code   RO        13928    .ARM.Collect$$libinit$$0000001D  c_w.l(libinit2.o)
    0x080002e4   0x00000000   Code   RO        13930    .ARM.Collect$$libinit$$0000001F  c_w.l(libinit2.o)
    0x080002e4   0x00000000   Code   RO        13932    .ARM.Collect$$libinit$$00000021  c_w.l(libinit2.o)
    0x080002e4   0x00000000   Code   RO        13934    .ARM.Collect$$libinit$$00000023  c_w.l(libinit2.o)
    0x080002e4   0x00000000   Code   RO        13936    .ARM.Collect$$libinit$$00000025  c_w.l(libinit2.o)
    0x080002e4   0x00000000   Code   RO        13940    .ARM.Collect$$libinit$$0000002C  c_w.l(libinit2.o)
    0x080002e4   0x00000000   Code   RO        13942    .ARM.Collect$$libinit$$0000002E  c_w.l(libinit2.o)
    0x080002e4   0x00000000   Code   RO        13944    .ARM.Collect$$libinit$$00000030  c_w.l(libinit2.o)
    0x080002e4   0x00000000   Code   RO        13946    .ARM.Collect$$libinit$$00000032  c_w.l(libinit2.o)
    0x080002e4   0x00000002   Code   RO        13947    .ARM.Collect$$libinit$$00000033  c_w.l(libinit2.o)
    0x080002e6   0x00000002   Code   RO        13992    .ARM.Collect$$libshutdown$$00000000  c_w.l(libshutdown.o)
    0x080002e8   0x00000000   Code   RO        14012    .ARM.Collect$$libshutdown$$00000003  c_w.l(libshutdown2.o)
    0x080002e8   0x00000000   Code   RO        14015    .ARM.Collect$$libshutdown$$00000006  c_w.l(libshutdown2.o)
    0x080002e8   0x00000000   Code   RO        14018    .ARM.Collect$$libshutdown$$00000009  c_w.l(libshutdown2.o)
    0x080002e8   0x00000000   Code   RO        14020    .ARM.Collect$$libshutdown$$0000000B  c_w.l(libshutdown2.o)
    0x080002e8   0x00000000   Code   RO        14023    .ARM.Collect$$libshutdown$$0000000E  c_w.l(libshutdown2.o)
    0x080002e8   0x00000002   Code   RO        14024    .ARM.Collect$$libshutdown$$0000000F  c_w.l(libshutdown2.o)
    0x080002ea   0x00000000   Code   RO        13763    .ARM.Collect$$rtentry$$00000000  c_w.l(__rtentry.o)
    0x080002ea   0x00000000   Code   RO        13814    .ARM.Collect$$rtentry$$00000002  c_w.l(__rtentry2.o)
    0x080002ea   0x00000006   Code   RO        13826    .ARM.Collect$$rtentry$$00000004  c_w.l(__rtentry4.o)
    0x080002f0   0x00000000   Code   RO        13816    .ARM.Collect$$rtentry$$00000009  c_w.l(__rtentry2.o)
    0x080002f0   0x00000004   Code   RO        13817    .ARM.Collect$$rtentry$$0000000A  c_w.l(__rtentry2.o)
    0x080002f4   0x00000000   Code   RO        13819    .ARM.Collect$$rtentry$$0000000C  c_w.l(__rtentry2.o)
    0x080002f4   0x00000008   Code   RO        13820    .ARM.Collect$$rtentry$$0000000D  c_w.l(__rtentry2.o)
    0x080002fc   0x00000002   Code   RO        13948    .ARM.Collect$$rtexit$$00000000  c_w.l(rtexit.o)
    0x080002fe   0x00000000   Code   RO        13964    .ARM.Collect$$rtexit$$00000002  c_w.l(rtexit2.o)
    0x080002fe   0x00000004   Code   RO        13965    .ARM.Collect$$rtexit$$00000003  c_w.l(rtexit2.o)
    0x08000302   0x00000006   Code   RO        13966    .ARM.Collect$$rtexit$$00000004  c_w.l(rtexit2.o)
    0x08000308   0x00000010   Code   RO          618    .emb_text           sys.o
    0x08000318   0x00000040   Code   RO          738    .text               startup_stm32f767xx.o
    0x08000358   0x00000002   Code   RO        13657    .text               c_w.l(use_no_semi_2.o)
    0x0800035a   0x000000ee   Code   RO        13659    .text               c_w.l(lludivv7m.o)
    0x08000448   0x00000018   Code   RO        13663    .text               c_w.l(__2printf.o)
    0x08000460   0x0000002c   Code   RO        13665    .text               c_w.l(__2sprintf.o)
    0x0800048c   0x0000004e   Code   RO        13673    .text               c_w.l(_printf_pad.o)
    0x080004da   0x00000052   Code   RO        13675    .text               c_w.l(_printf_str.o)
    0x0800052c   0x00000078   Code   RO        13677    .text               c_w.l(_printf_dec.o)
    0x080005a4   0x0000007c   Code   RO        13679    .text               c_w.l(_printf_longlong_dec.o)
    0x08000620   0x00000094   Code   RO        13699    .text               c_w.l(_printf_hex_int_ll_ptr.o)
    0x080006b4   0x00000188   Code   RO        13719    .text               c_w.l(__printf_flags_ss_wp.o)
    0x0800083c   0x0000003e   Code   RO        13737    .text               c_w.l(strlen.o)
    0x0800087a   0x0000008a   Code   RO        13741    .text               c_w.l(rt_memcpy_v6.o)
    0x08000904   0x00000064   Code   RO        13743    .text               c_w.l(rt_memcpy_w.o)
    0x08000968   0x00000044   Code   RO        13747    .text               c_w.l(rt_memclr.o)
    0x080009ac   0x0000004e   Code   RO        13749    .text               c_w.l(rt_memclr_w.o)
    0x080009fa   0x00000006   Code   RO        13755    .text               c_w.l(heapauxi.o)
    0x08000a00   0x00000002   Code   RO        13761    .text               c_w.l(use_no_semi.o)
    0x08000a02   0x0000008a   Code   RO        13768    .text               c_w.l(lludiv10.o)
    0x08000a8c   0x000000b2   Code   RO        13772    .text               c_w.l(_printf_intcommon.o)
    0x08000b3e   0x00000002   PAD
    0x08000b40   0x00000030   Code   RO        13778    .text               c_w.l(_printf_char_common.o)
    0x08000b70   0x0000000a   Code   RO        13780    .text               c_w.l(_sputc.o)
    0x08000b7a   0x0000002c   Code   RO        13782    .text               c_w.l(_printf_char.o)
    0x08000ba6   0x00000002   PAD
    0x08000ba8   0x00000024   Code   RO        13784    .text               c_w.l(_printf_char_file.o)
    0x08000bcc   0x00000008   Code   RO        13866    .text               c_w.l(ferror.o)
    0x08000bd4   0x00000008   Code   RO        13884    .text               c_w.l(libspace.o)
    0x08000bdc   0x0000004a   Code   RO        13887    .text               c_w.l(sys_stackheap_outer.o)
    0x08000c26   0x0000000c   Code   RO        13891    .text               c_w.l(exit.o)
    0x08000c32   0x0000000c   Code   RO        10687    i.AD5676_Init       ad5676.o
    0x08000c3e   0x00000002   PAD
    0x08000c40   0x00000068   Code   RO        10688    i.AD5676_SendData   ad5676.o
    0x08000ca8   0x0000006e   Code   RO          916    i.ADC_DMAConvCplt   stm32f7xx_hal_adc.o
    0x08000d16   0x0000001a   Code   RO          917    i.ADC_DMAError      stm32f7xx_hal_adc.o
    0x08000d30   0x0000000e   Code   RO          918    i.ADC_DMAHalfConvCplt  stm32f7xx_hal_adc.o
    0x08000d3e   0x00000002   PAD
    0x08000d40   0x00000178   Code   RO          919    i.ADC_Init          stm32f7xx_hal_adc.o
    0x08000eb8   0x00000278   Code   RO        10802    i.AT24C02_System_Config_Initialiation  24cxx.o
    0x08001130   0x00000034   Code   RO        10803    i.AT24CXX_Check     24cxx.o
    0x08001164   0x00000008   Code   RO        10804    i.AT24CXX_Init      24cxx.o
    0x0800116c   0x00000022   Code   RO        10805    i.AT24CXX_Read      24cxx.o
    0x0800118e   0x0000002c   Code   RO        10806    i.AT24CXX_ReadLenByte  24cxx.o
    0x080011ba   0x00000058   Code   RO        10807    i.AT24CXX_ReadOneByte  24cxx.o
    0x08001212   0x00000024   Code   RO        10808    i.AT24CXX_Write     24cxx.o
    0x08001236   0x00000050   Code   RO        10810    i.AT24CXX_WriteOneByte  24cxx.o
    0x08001286   0x00000002   PAD
    0x08001288   0x000000f4   Code   RO        12291    i.AnalogDataInput_Channel_Setting  lot.o
    0x0800137c   0x0000004c   Code   RO        10979    i.BEEP_Init         led.o
    0x080013c8   0x00000024   Code   RO        10980    i.BEEP_On           led.o
    0x080013ec   0x00000104   Code   RO        12354    i.BoardCast         net_parameter_setting.o
    0x080014f0   0x00000004   Code   RO          474    i.BusFault_Handler  stm32f7xx_it.o
    0x080014f4   0x00000010   Code   RO        11778    i.DMA2_Stream3_IRQHandler  sd.o
    0x08001504   0x00000010   Code   RO        11779    i.DMA2_Stream6_IRQHandler  sd.o
    0x08001514   0x00000034   Code   RO         2503    i.DMA_CalcBaseAndBitshift  stm32f7xx_hal_dma.o
    0x08001548   0x000000ba   Code   RO         2504    i.DMA_CheckFifoParam  stm32f7xx_hal_dma.o
    0x08001602   0x0000002c   Code   RO         2505    i.DMA_SetConfig     stm32f7xx_hal_dma.o
    0x0800162e   0x00000002   Code   RO          475    i.DebugMon_Handler  stm32f7xx_it.o
    0x08001630   0x000000d4   Code   RO        12231    i.DigitalAnalogData_Compare  didoaiao.o
    0x08001704   0x00000714   Code   RO        12232    i.DigitalData_AnalogData_InputProcess  didoaiao.o
    0x08001e18   0x000001b4   Code   RO        12233    i.DigitalData_AnalogData_OutputProcess  didoaiao.o
    0x08001fcc   0x00000424   Code   RO        12234    i.DigitalData_AnalogData_QueryState  didoaiao.o
    0x080023f0   0x00000250   Code   RO        12235    i.DigitalData_Output_Process  didoaiao.o
    0x08002640   0x000000d0   Code   RO        10627    i.Digital_DataInput_Init  32dido.o
    0x08002710   0x00000094   Code   RO        10628    i.Digital_DataOutput_Init  32dido.o
    0x080027a4   0x0000000c   Code   RO        10629    i.Digital_Data_Init  32dido.o
    0x080027b0   0x0000000a   Code   RO        11173    i.EXTI4_IRQHandler  spi_w5500.o
    0x080027ba   0x00000002   PAD
    0x080027bc   0x0000007c   Code   RO         3176    i.FLASH_Erase_Sector  stm32f7xx_hal_flash_ex.o
    0x08002838   0x00000064   Code   RO         3177    i.FLASH_MassErase   stm32f7xx_hal_flash_ex.o
    0x0800289c   0x00000072   Code   RO        12384    i.FLASH_Program     flash.o
    0x0800290e   0x00000002   PAD
    0x08002910   0x00000034   Code   RO         3058    i.FLASH_Program_Byte  stm32f7xx_hal_flash.o
    0x08002944   0x0000003c   Code   RO         3059    i.FLASH_Program_DoubleWord  stm32f7xx_hal_flash.o
    0x08002980   0x00000038   Code   RO         3060    i.FLASH_Program_HalfWord  stm32f7xx_hal_flash.o
    0x080029b8   0x00000038   Code   RO         3061    i.FLASH_Program_Word  stm32f7xx_hal_flash.o
    0x080029f0   0x00000078   Code   RO         3062    i.FLASH_SetErrorCode  stm32f7xx_hal_flash.o
    0x08002a68   0x00000054   Code   RO         3063    i.FLASH_WaitForLastOperation  stm32f7xx_hal_flash.o
    0x08002abc   0x00000010   Code   RO        10631    i.GPIO_Pin_Get      32dido.o
    0x08002acc   0x00000010   Code   RO        10632    i.GPIO_Pin_Set      32dido.o
    0x08002adc   0x0000001e   Code   RO        12199    i.GetXor            define.o
    0x08002afa   0x00000002   PAD
    0x08002afc   0x00000010   Code   RO          620    i.Get_DCahceSta     sys.o
    0x08002b0c   0x000001b4   Code   RO          921    i.HAL_ADC_ConfigChannel  stm32f7xx_hal_adc.o
    0x08002cc0   0x00000002   Code   RO          922    i.HAL_ADC_ConvCpltCallback  stm32f7xx_hal_adc.o
    0x08002cc2   0x00000002   Code   RO          923    i.HAL_ADC_ConvHalfCpltCallback  stm32f7xx_hal_adc.o
    0x08002cc4   0x00000002   Code   RO          925    i.HAL_ADC_ErrorCallback  stm32f7xx_hal_adc.o
    0x08002cc6   0x00000002   PAD
    0x08002cc8   0x00000068   Code   RO          930    i.HAL_ADC_Init      stm32f7xx_hal_adc.o
    0x08002d30   0x00000002   Code   RO          933    i.HAL_ADC_MspInit   stm32f7xx_hal_adc.o
    0x08002d32   0x00000002   PAD
    0x08002d34   0x00000148   Code   RO          937    i.HAL_ADC_Start_DMA  stm32f7xx_hal_adc.o
    0x08002e7c   0x000000aa   Code   RO         2506    i.HAL_DMA_Abort     stm32f7xx_hal_dma.o
    0x08002f26   0x00000028   Code   RO         2507    i.HAL_DMA_Abort_IT  stm32f7xx_hal_dma.o
    0x08002f4e   0x00000062   Code   RO         2508    i.HAL_DMA_DeInit    stm32f7xx_hal_dma.o
    0x08002fb0   0x00000248   Code   RO         2511    i.HAL_DMA_IRQHandler  stm32f7xx_hal_dma.o
    0x080031f8   0x000000e8   Code   RO         2512    i.HAL_DMA_Init      stm32f7xx_hal_dma.o
    0x080032e0   0x00000066   Code   RO         2515    i.HAL_DMA_Start     stm32f7xx_hal_dma.o
    0x08003346   0x0000009e   Code   RO         2516    i.HAL_DMA_Start_IT  stm32f7xx_hal_dma.o
    0x080033e4   0x0000001a   Code   RO          752    i.HAL_Delay         stm32f7xx_hal.o
    0x080033fe   0x00000002   PAD
    0x08003400   0x000000ac   Code   RO         3189    i.HAL_FLASHEx_Erase  stm32f7xx_hal_flash_ex.o
    0x080034ac   0x00000014   Code   RO         3067    i.HAL_FLASH_Lock    stm32f7xx_hal_flash.o
    0x080034c0   0x000000a4   Code   RO         3072    i.HAL_FLASH_Program  stm32f7xx_hal_flash.o
    0x08003564   0x0000002c   Code   RO         3074    i.HAL_FLASH_Unlock  stm32f7xx_hal_flash.o
    0x08003590   0x0000000a   Code   RO        11174    i.HAL_GPIO_EXTI_Callback  spi_w5500.o
    0x0800359a   0x00000002   PAD
    0x0800359c   0x0000001c   Code   RO         3287    i.HAL_GPIO_EXTI_IRQHandler  stm32f7xx_hal_gpio.o
    0x080035b8   0x00000218   Code   RO         3288    i.HAL_GPIO_Init     stm32f7xx_hal_gpio.o
    0x080037d0   0x00000010   Code   RO         3290    i.HAL_GPIO_ReadPin  stm32f7xx_hal_gpio.o
    0x080037e0   0x00000008   Code   RO         3291    i.HAL_GPIO_TogglePin  stm32f7xx_hal_gpio.o
    0x080037e8   0x0000000c   Code   RO         3292    i.HAL_GPIO_WritePin  stm32f7xx_hal_gpio.o
    0x080037f4   0x0000000c   Code   RO          762    i.HAL_GetTick       stm32f7xx_hal.o
    0x08003800   0x00000062   Code   RO         4424    i.HAL_IWDG_Init     stm32f7xx_hal_iwdg.o
    0x08003862   0x0000000e   Code   RO         4425    i.HAL_IWDG_Refresh  stm32f7xx_hal_iwdg.o
    0x08003870   0x00000010   Code   RO          763    i.HAL_IncTick       stm32f7xx_hal.o
    0x08003880   0x00000028   Code   RO          764    i.HAL_Init          stm32f7xx_hal.o
    0x080038a8   0x00000028   Code   RO          765    i.HAL_InitTick      stm32f7xx_hal.o
    0x080038d0   0x0000005c   Code   RO         1423    i.HAL_MPU_ConfigRegion  stm32f7xx_hal_cortex.o
    0x0800392c   0x00000002   Code   RO          445    i.HAL_MspInit       stm32f7xx_hal_msp.o
    0x0800392e   0x0000001a   Code   RO         1426    i.HAL_NVIC_EnableIRQ  stm32f7xx_hal_cortex.o
    0x08003948   0x0000007c   Code   RO         1432    i.HAL_NVIC_SetPriority  stm32f7xx_hal_cortex.o
    0x080039c4   0x00000028   Code   RO         1433    i.HAL_NVIC_SetPriorityGrouping  stm32f7xx_hal_cortex.o
    0x080039ec   0x00000090   Code   RO         6099    i.HAL_PWREx_EnableOverDrive  stm32f7xx_hal_pwr_ex.o
    0x08003a7c   0x00000014   Code   RO         5976    i.HAL_PWR_EnableBkUpAccess  stm32f7xx_hal_pwr.o
    0x08003a90   0x00000980   Code   RO         6545    i.HAL_RCCEx_PeriphCLKConfig  stm32f7xx_hal_rcc_ex.o
    0x08004410   0x000001b4   Code   RO         6442    i.HAL_RCC_ClockConfig  stm32f7xx_hal_rcc.o
    0x080045c4   0x0000000c   Code   RO         6447    i.HAL_RCC_GetHCLKFreq  stm32f7xx_hal_rcc.o
    0x080045d0   0x0000002c   Code   RO         6449    i.HAL_RCC_GetPCLK1Freq  stm32f7xx_hal_rcc.o
    0x080045fc   0x0000002c   Code   RO         6450    i.HAL_RCC_GetPCLK2Freq  stm32f7xx_hal_rcc.o
    0x08004628   0x000000b4   Code   RO         6451    i.HAL_RCC_GetSysClockFreq  stm32f7xx_hal_rcc.o
    0x080046dc   0x000004d0   Code   RO         6546    i.HAL_RCC_OscConfig  stm32f7xx_hal_rcc_ex.o
    0x08004bac   0x00000076   Code   RO         6587    i.HAL_RNG_GenerateRandomNumber  stm32f7xx_hal_rng.o
    0x08004c22   0x00000016   Code   RO         6589    i.HAL_RNG_GetRandomNumber  stm32f7xx_hal_rng.o
    0x08004c38   0x0000004a   Code   RO         6593    i.HAL_RNG_Init      stm32f7xx_hal_rng.o
    0x08004c82   0x00000002   PAD
    0x08004c84   0x00000024   Code   RO        11987    i.HAL_RNG_MspInit   rng.o
    0x08004ca8   0x00000002   Code   RO         6819    i.HAL_RTCEx_AlarmBEventCallback  stm32f7xx_hal_rtc_ex.o
    0x08004caa   0x00000002   PAD
    0x08004cac   0x00000014   Code   RO        11041    i.HAL_RTCEx_WakeUpTimerEventCallback  rtc.o
    0x08004cc0   0x00000040   Code   RO         6855    i.HAL_RTCEx_WakeUpTimerIRQHandler  stm32f7xx_hal_rtc_ex.o
    0x08004d00   0x00000018   Code   RO        11042    i.HAL_RTC_AlarmAEventCallback  rtc.o
    0x08004d18   0x00000070   Code   RO         6682    i.HAL_RTC_AlarmIRQHandler  stm32f7xx_hal_rtc.o
    0x08004d88   0x0000004c   Code   RO         6686    i.HAL_RTC_GetDate   stm32f7xx_hal_rtc.o
    0x08004dd4   0x00000060   Code   RO         6688    i.HAL_RTC_GetTime   stm32f7xx_hal_rtc.o
    0x08004e34   0x000000b4   Code   RO         6689    i.HAL_RTC_Init      stm32f7xx_hal_rtc.o
    0x08004ee8   0x00000060   Code   RO        11043    i.HAL_RTC_MspInit   rtc.o
    0x08004f48   0x00000114   Code   RO         6695    i.HAL_RTC_SetDate   stm32f7xx_hal_rtc.o
    0x0800505c   0x00000134   Code   RO         6696    i.HAL_RTC_SetTime   stm32f7xx_hal_rtc.o
    0x08005190   0x0000003a   Code   RO         6697    i.HAL_RTC_WaitForSynchro  stm32f7xx_hal_rtc.o
    0x080051ca   0x0000007c   Code   RO         7342    i.HAL_SD_CheckReadOperation  stm32f7xx_hal_sd.o
    0x08005246   0x00000088   Code   RO         7343    i.HAL_SD_CheckWriteOperation  stm32f7xx_hal_sd.o
    0x080052ce   0x00000002   Code   RO         7344    i.HAL_SD_DMA_RxCpltCallback  stm32f7xx_hal_sd.o
    0x080052d0   0x00000002   Code   RO         7345    i.HAL_SD_DMA_RxErrorCallback  stm32f7xx_hal_sd.o
    0x080052d2   0x00000002   Code   RO         7346    i.HAL_SD_DMA_TxCpltCallback  stm32f7xx_hal_sd.o
    0x080052d4   0x00000002   Code   RO         7347    i.HAL_SD_DMA_TxErrorCallback  stm32f7xx_hal_sd.o
    0x080052d6   0x00000022   Code   RO         7351    i.HAL_SD_GetStatus  stm32f7xx_hal_sd.o
    0x080052f8   0x000002ee   Code   RO         7352    i.HAL_SD_Get_CardInfo  stm32f7xx_hal_sd.o
    0x080055e6   0x000000a2   Code   RO         7354    i.HAL_SD_IRQHandler  stm32f7xx_hal_sd.o
    0x08005688   0x0000009c   Code   RO         7355    i.HAL_SD_Init       stm32f7xx_hal_sd.o
    0x08005724   0x00000190   Code   RO        11780    i.HAL_SD_MspInit    sd.o
    0x080058b4   0x00000120   Code   RO         7359    i.HAL_SD_ReadBlocks_DMA  stm32f7xx_hal_sd.o
    0x080059d4   0x00000036   Code   RO         7361    i.HAL_SD_StopTransfer  stm32f7xx_hal_sd.o
    0x08005a0a   0x0000007e   Code   RO         7362    i.HAL_SD_WideBusOperation_Config  stm32f7xx_hal_sd.o
    0x08005a88   0x0000011c   Code   RO         7364    i.HAL_SD_WriteBlocks_DMA  stm32f7xx_hal_sd.o
    0x08005ba4   0x00000002   Code   RO         7365    i.HAL_SD_XferCpltCallback  stm32f7xx_hal_sd.o
    0x08005ba6   0x00000002   Code   RO         7366    i.HAL_SD_XferErrorCallback  stm32f7xx_hal_sd.o
    0x08005ba8   0x000000d8   Code   RO         8168    i.HAL_SPI_Init      stm32f7xx_hal_spi.o
    0x08005c80   0x00000002   Code   RO         8170    i.HAL_SPI_MspInit   stm32f7xx_hal_spi.o
    0x08005c82   0x00000366   Code   RO         8177    i.HAL_SPI_TransmitReceive  stm32f7xx_hal_spi.o
    0x08005fe8   0x00000028   Code   RO         1435    i.HAL_SYSTICK_CLKSourceConfig  stm32f7xx_hal_cortex.o
    0x08006010   0x00000034   Code   RO         1437    i.HAL_SYSTICK_Config  stm32f7xx_hal_cortex.o
    0x08006044   0x00000002   Code   RO         9234    i.HAL_TIMEx_BreakCallback  stm32f7xx_hal_tim_ex.o
    0x08006046   0x00000002   Code   RO         9235    i.HAL_TIMEx_CommutationCallback  stm32f7xx_hal_tim_ex.o
    0x08006048   0x0000002e   Code   RO         8591    i.HAL_TIM_Base_Init  stm32f7xx_hal_tim.o
    0x08006076   0x00000002   PAD
    0x08006078   0x00000044   Code   RO        11892    i.HAL_TIM_Base_MspInit  timer.o
    0x080060bc   0x0000001e   Code   RO         8596    i.HAL_TIM_Base_Start_IT  stm32f7xx_hal_tim.o
    0x080060da   0x00000002   Code   RO         8620    i.HAL_TIM_IC_CaptureCallback  stm32f7xx_hal_tim.o
    0x080060dc   0x000001b8   Code   RO         8633    i.HAL_TIM_IRQHandler  stm32f7xx_hal_tim.o
    0x08006294   0x00000002   Code   RO         8636    i.HAL_TIM_OC_DelayElapsedCallback  stm32f7xx_hal_tim.o
    0x08006296   0x00000002   Code   RO         8663    i.HAL_TIM_PWM_PulseFinishedCallback  stm32f7xx_hal_tim.o
    0x08006298   0x000000e4   Code   RO        11893    i.HAL_TIM_PeriodElapsedCallback  timer.o
    0x0800637c   0x00000002   Code   RO         8674    i.HAL_TIM_TriggerCallback  stm32f7xx_hal_tim.o
    0x0800637e   0x00000002   Code   RO         9528    i.HAL_UART_ErrorCallback  stm32f7xx_hal_uart.o
    0x08006380   0x00000014   Code   RO         9530    i.HAL_UART_GetState  stm32f7xx_hal_uart.o
    0x08006394   0x0000015c   Code   RO         9531    i.HAL_UART_IRQHandler  stm32f7xx_hal_uart.o
    0x080064f0   0x00000078   Code   RO         9532    i.HAL_UART_Init     stm32f7xx_hal_uart.o
    0x08006568   0x00000094   Code   RO          673    i.HAL_UART_MspInit  usart.o
    0x080065fc   0x000000c8   Code   RO         9537    i.HAL_UART_Receive_IT  stm32f7xx_hal_uart.o
    0x080066c4   0x00000088   Code   RO          674    i.HAL_UART_RxCpltCallback  usart.o
    0x0800674c   0x00000002   Code   RO         9543    i.HAL_UART_TxCpltCallback  stm32f7xx_hal_uart.o
    0x0800674e   0x00000004   Code   RO          476    i.HardFault_Handler  stm32f7xx_it.o
    0x08006752   0x00000002   PAD
    0x08006754   0x00000078   Code   RO            4    i.Hardware_Test     main.o
    0x080067cc   0x00000058   Code   RO        10880    i.IIC_Ack           myiic.o
    0x08006824   0x00000058   Code   RO        10881    i.IIC_Init          myiic.o
    0x0800687c   0x00000058   Code   RO        10882    i.IIC_NAck          myiic.o
    0x080068d4   0x00000070   Code   RO        10883    i.IIC_Read_Byte     myiic.o
    0x08006944   0x00000080   Code   RO        10884    i.IIC_Send_Byte     myiic.o
    0x080069c4   0x00000058   Code   RO        10885    i.IIC_Start         myiic.o
    0x08006a1c   0x00000058   Code   RO        10886    i.IIC_Stop          myiic.o
    0x08006a74   0x0000006c   Code   RO        10887    i.IIC_Wait_Ack      myiic.o
    0x08006ae0   0x00000044   Code   RO        11175    i.IINCHIP_READ      spi_w5500.o
    0x08006b24   0x0000000c   Code   RO        11176    i.IINCHIP_SpiSendData  spi_w5500.o
    0x08006b30   0x00000044   Code   RO        11177    i.IINCHIP_WRITE     spi_w5500.o
    0x08006b74   0x00000010   Code   RO        10946    i.IWDG_Feed         iwdg.o
    0x08006b84   0x00000028   Code   RO        10947    i.IWDG_Init         iwdg.o
    0x08006bac   0x00000016   Code   RO        13108    i.IntToHexChar      fattester.o
    0x08006bc2   0x00000002   PAD
    0x08006bc4   0x00000080   Code   RO        10981    i.LED_INIT_Test     led.o
    0x08006c44   0x000000b4   Code   RO        10982    i.LED_Init          led.o
    0x08006cf8   0x00000064   Code   RO        12293    i.Low_Power_Consumption  lot.o
    0x08006d5c   0x00000010   Code   RO        11941    i.MPU_Memory_Protection  mpu.o
    0x08006d6c   0x00000090   Code   RO        11942    i.MPU_Set_Protection  mpu.o
    0x08006dfc   0x0000009c   Code   RO        11943    i.MemManage_Handler  mpu.o
    0x08006e98   0x00000002   Code   RO          477    i.NMI_Handler       stm32f7xx_it.o
    0x08006e9a   0x00000002   PAD
    0x08006e9c   0x00000010   Code   RO         1439    i.NVIC_GetPriorityGrouping  stm32f7xx_hal_cortex.o
    0x08006eac   0x00000028   Code   RO         1440    i.NVIC_SetPriority  stm32f7xx_hal_cortex.o
    0x08006ed4   0x00000aec   Code   RO        12355    i.NetParameter_Setting  net_parameter_setting.o
    0x080079c0   0x0000002c   Code   RO        11536    i.PHY_Check         w5500.o
    0x080079ec   0x00000002   Code   RO          478    i.PendSV_Handler    stm32f7xx_it.o
    0x080079ee   0x00000002   PAD
    0x080079f0   0x00000120   Code   RO            5    i.Peripheral_Init   main.o
    0x08007b10   0x00000020   Code   RO        11989    i.RNG_Get_RandomRange  rng.o
    0x08007b30   0x00000048   Code   RO        11990    i.RNG_Init          rng.o
    0x08007b78   0x00000010   Code   RO        11044    i.RTC_Alarm_IRQHandler  rtc.o
    0x08007b88   0x00000016   Code   RO         6698    i.RTC_Bcd2ToByte    stm32f7xx_hal_rtc.o
    0x08007b9e   0x0000001a   Code   RO         6699    i.RTC_ByteToBcd2    stm32f7xx_hal_rtc.o
    0x08007bb8   0x0000003e   Code   RO         6700    i.RTC_EnterInitMode  stm32f7xx_hal_rtc.o
    0x08007bf6   0x00000002   PAD
    0x08007bf8   0x00000040   Code   RO        11045    i.RTC_Init          rtc.o
    0x08007c38   0x00000010   Code   RO        11049    i.RTC_WKUP_IRQHandler  rtc.o
    0x08007c48   0x00000080   Code   RO        10751    i.ReadADCAverageValue  adc.o
    0x08007cc8   0x00000090   Code   RO        12294    i.Restart_instructions  lot.o
    0x08007d58   0x00000134   Code   RO        10752    i.Rheostat_ADC_GPIO_Config  adc.o
    0x08007e8c   0x00000168   Code   RO        10753    i.Rheostat_ADC_Mode_Config  adc.o
    0x08007ff4   0x0000000c   Code   RO        10754    i.Rheostat_Init     adc.o
    0x08008000   0x0000007c   Code   RO        11781    i.SCB_CleanInvalidateDCache  sd.o
    0x0800807c   0x0000007c   Code   RO        12386    i.SCB_CleanInvalidateDCache  flash.o
    0x080080f8   0x00000010   Code   RO        11782    i.SDMMC1_IRQHandler  sd.o
    0x08008108   0x0000002c   Code   RO        10243    i.SDMMC_DataConfig  stm32f7xx_ll_sdmmc.o
    0x08008134   0x00000008   Code   RO        10244    i.SDMMC_GetCommandResponse  stm32f7xx_ll_sdmmc.o
    0x0800813c   0x0000000a   Code   RO        10247    i.SDMMC_GetPowerState  stm32f7xx_ll_sdmmc.o
    0x08008146   0x00000016   Code   RO        10248    i.SDMMC_GetResponse  stm32f7xx_ll_sdmmc.o
    0x0800815c   0x00000034   Code   RO        10249    i.SDMMC_Init        stm32f7xx_ll_sdmmc.o
    0x08008190   0x0000000a   Code   RO        10251    i.SDMMC_PowerState_ON  stm32f7xx_ll_sdmmc.o
    0x0800819a   0x00000008   Code   RO        10252    i.SDMMC_ReadFIFO    stm32f7xx_ll_sdmmc.o
    0x080081a2   0x00000028   Code   RO        10253    i.SDMMC_SendCommand  stm32f7xx_ll_sdmmc.o
    0x080081ca   0x00000002   PAD
    0x080081cc   0x00000030   Code   RO            6    i.SD_Check          main.o
    0x080081fc   0x00000036   Code   RO         7367    i.SD_CmdError       stm32f7xx_hal_sd.o
    0x08008232   0x00000002   PAD
    0x08008234   0x00000184   Code   RO         7368    i.SD_CmdResp1Error  stm32f7xx_hal_sd.o
    0x080083b8   0x00000046   Code   RO         7369    i.SD_CmdResp2Error  stm32f7xx_hal_sd.o
    0x080083fe   0x00000032   Code   RO         7370    i.SD_CmdResp3Error  stm32f7xx_hal_sd.o
    0x08008430   0x000000ae   Code   RO         7371    i.SD_CmdResp6Error  stm32f7xx_hal_sd.o
    0x080084de   0x00000066   Code   RO         7372    i.SD_CmdResp7Error  stm32f7xx_hal_sd.o
    0x08008544   0x000002a4   Code   RO        13110    i.SD_Creat_CSVFile  fattester.o
    0x080087e8   0x00000020   Code   RO         7373    i.SD_DMA_RxCplt     stm32f7xx_hal_sd.o
    0x08008808   0x0000000e   Code   RO         7374    i.SD_DMA_RxError    stm32f7xx_hal_sd.o
    0x08008816   0x00000020   Code   RO         7375    i.SD_DMA_TxCplt     stm32f7xx_hal_sd.o
    0x08008836   0x0000000e   Code   RO         7376    i.SD_DMA_TxError    stm32f7xx_hal_sd.o
    0x08008844   0x0000015a   Code   RO         7377    i.SD_FindSCR        stm32f7xx_hal_sd.o
    0x0800899e   0x0000001e   Code   RO         7378    i.SD_GetState       stm32f7xx_hal_sd.o
    0x080089bc   0x0000004c   Code   RO        11784    i.SD_Init           sd.o
    0x08008a08   0x0000010a   Code   RO         7379    i.SD_Initialize_Cards  stm32f7xx_hal_sd.o
    0x08008b12   0x00000002   PAD
    0x08008b14   0x0000016c   Code   RO         7382    i.SD_PowerON        stm32f7xx_hal_sd.o
    0x08008c80   0x00000050   Code   RO        11785    i.SD_ReadBlocks_DMA  sd.o
    0x08008cd0   0x0000008c   Code   RO        11786    i.SD_ReadDisk       sd.o
    0x08008d5c   0x00000038   Code   RO         7383    i.SD_Select_Deselect  stm32f7xx_hal_sd.o
    0x08008d94   0x00000052   Code   RO         7384    i.SD_SendStatus     stm32f7xx_hal_sd.o
    0x08008de6   0x0000009a   Code   RO         7385    i.SD_WideBus_Disable  stm32f7xx_hal_sd.o
    0x08008e80   0x0000009a   Code   RO         7386    i.SD_WideBus_Enable  stm32f7xx_hal_sd.o
    0x08008f1a   0x00000002   PAD
    0x08008f1c   0x00000050   Code   RO        11787    i.SD_WriteBlocks_DMA  sd.o
    0x08008f6c   0x0000008c   Code   RO        11788    i.SD_WriteDisk      sd.o
    0x08008ff8   0x000000bc   Code   RO        11537    i.SET_W5500_MAC     w5500.o
    0x080090b4   0x00000030   Code   RO        12032    i.SHT_Init          sht30.o
    0x080090e4   0x00000038   Code   RO        10690    i.SPI2_Send3Byte    ad5676.o
    0x0800911c   0x00000028   Code   RO        10691    i.SPI2_SendByte     ad5676.o
    0x08009144   0x0000005c   Code   RO         8204    i.SPI_EndRxTxTransaction  stm32f7xx_hal_spi.o
    0x080091a0   0x00000028   Code   RO        11178    i.SPI_SendByte      spi_w5500.o
    0x080091c8   0x000000b4   Code   RO         8211    i.SPI_WaitFifoStateUntilTimeout  stm32f7xx_hal_spi.o
    0x0800927c   0x000000a2   Code   RO         8212    i.SPI_WaitFlagStateUntilTimeout  stm32f7xx_hal_spi.o
    0x0800931e   0x00000002   PAD
    0x08009320   0x00000044   Code   RO        10692    i.STM32_AD5676_CS_GPIO  ad5676.o
    0x08009364   0x000000ac   Code   RO        10693    i.STM32_AD5676_SPI_GPIO  ad5676.o
    0x08009410   0x000000a8   Code   RO        11180    i.STM32_W55OO_SPI_GPIO  spi_w5500.o
    0x080094b8   0x0000005c   Code   RO        12387    i.STMFLASH_Erase    flash.o
    0x08009514   0x00000068   Code   RO        12388    i.STMFLASH_GetFlashSector  flash.o
    0x0800957c   0x00000006   Code   RO        12390    i.STMFLASH_ReadWord  flash.o
    0x08009582   0x00000002   Code   RO          479    i.SVC_Handler       stm32f7xx_it.o
    0x08009584   0x000000bc   Code   RO            7    i.Send_NetLable     main.o
    0x08009640   0x0000002c   Code   RO        11050    i.Set_Board_RTC_Date  rtc.o
    0x0800966c   0x00000034   Code   RO        11051    i.Set_Board_RTC_Time  rtc.o
    0x080096a0   0x0000004c   Code   RO        12295    i.SoftRestart       lot.o
    0x080096ec   0x000000b4   Code   RO          623    i.Stm32_Clock_Init  sys.o
    0x080097a0   0x00000008   Code   RO          480    i.SysTick_Handler   stm32f7xx_it.o
    0x080097a8   0x00000064   Code   RO          544    i.SystemInit        system_stm32f7xx.o
    0x0800980c   0x00000010   Code   RO        11894    i.TIM3_IRQHandler   timer.o
    0x0800981c   0x0000002c   Code   RO        11895    i.TIM3_Init         timer.o
    0x08009848   0x00000044   Code   RO        13376    i.TIM4_IRQHandler   usmart.o
    0x0800988c   0x000000e4   Code   RO         8675    i.TIM_Base_SetConfig  stm32f7xx_hal_tim.o
    0x08009970   0x00000058   Code   RO        12033    i.T_IIC_Ack         sht30.o
    0x080099c8   0x00000058   Code   RO        12034    i.T_IIC_Init        sht30.o
    0x08009a20   0x00000058   Code   RO        12035    i.T_IIC_NAck        sht30.o
    0x08009a78   0x00000070   Code   RO        12036    i.T_IIC_Read_Byte   sht30.o
    0x08009ae8   0x00000084   Code   RO        12037    i.T_IIC_Send_Byte   sht30.o
    0x08009b6c   0x00000058   Code   RO        12038    i.T_IIC_Start       sht30.o
    0x08009bc4   0x00000054   Code   RO        12039    i.T_IIC_Stop        sht30.o
    0x08009c18   0x0000006c   Code   RO        12040    i.T_IIC_Wait_Ack    sht30.o
    0x08009c84   0x0000008c   Code   RO        12041    i.Temperature_Humidity  sht30.o
    0x08009d10   0x00000154   Code   RO        12296    i.TimeService_Temperature_Humidity  lot.o
    0x08009e64   0x0000005c   Code   RO        13377    i.Timer4_Init       usmart.o
    0x08009ec0   0x00000050   Code   RO          675    i.UART4_IRQHandler  usart.o
    0x08009f10   0x000000ea   Code   RO         9545    i.UART_AdvFeatureConfig  stm32f7xx_hal_uart.o
    0x08009ffa   0x00000074   Code   RO         9546    i.UART_CheckIdleState  stm32f7xx_hal_uart.o
    0x0800a06e   0x00000018   Code   RO         9547    i.UART_DMAAbortOnError  stm32f7xx_hal_uart.o
    0x0800a086   0x00000020   Code   RO         9553    i.UART_EndRxTransfer  stm32f7xx_hal_uart.o
    0x0800a0a6   0x00000020   Code   RO         9554    i.UART_EndTransmit_IT  stm32f7xx_hal_uart.o
    0x0800a0c6   0x00000088   Code   RO         9556    i.UART_Receive_IT   stm32f7xx_hal_uart.o
    0x0800a14e   0x00000002   PAD
    0x0800a150   0x0000038c   Code   RO         9557    i.UART_SetConfig    stm32f7xx_hal_uart.o
    0x0800a4dc   0x0000006a   Code   RO         9558    i.UART_Transmit_IT  stm32f7xx_hal_uart.o
    0x0800a546   0x0000006c   Code   RO         9559    i.UART_WaitOnFlagUntilTimeout  stm32f7xx_hal_uart.o
    0x0800a5b2   0x00000004   Code   RO          481    i.UsageFault_Handler  stm32f7xx_it.o
    0x0800a5b6   0x00000002   PAD
    0x0800a5b8   0x00000040   Code   RO        11181    i.W5500_CS_Init     spi_w5500.o
    0x0800a5f8   0x00000058   Code   RO        11182    i.W5500_EXTI_Init   spi_w5500.o
    0x0800a650   0x0000002c   Code   RO        11185    i.W5500_Reset       spi_w5500.o
    0x0800a67c   0x00000040   Code   RO        11186    i.W5500_Reset_Pin   spi_w5500.o
    0x0800a6bc   0x00000014   Code   RO        11188    i.W5500_STM32       spi_w5500.o
    0x0800a6d0   0x0000003c   Code   RO        11189    i.W5500_Start       spi_w5500.o
    0x0800a70c   0x0000000e   Code   RO        13712    i._is_digit         c_w.l(__printf_wp.o)
    0x0800a71a   0x00000004   Code   RO          676    i._sys_exit         usart.o
    0x0800a71e   0x00000088   Code   RO        12517    i.change_bitmap     ff.o
    0x0800a7a6   0x00000002   PAD
    0x0800a7a8   0x00000084   Code   RO        12518    i.check_fs          ff.o
    0x0800a82c   0x00000014   Code   RO        12519    i.chk_chr           ff.o
    0x0800a840   0x00000062   Code   RO        12520    i.clmt_clust        ff.o
    0x0800a8a2   0x00000034   Code   RO        11320    i.close             socket.o
    0x0800a8d6   0x0000001a   Code   RO        12521    i.clust2sect        ff.o
    0x0800a8f0   0x00000098   Code   RO        12522    i.cmp_lfn           ff.o
    0x0800a988   0x0000015e   Code   RO        12523    i.create_chain      ff.o
    0x0800aae6   0x00000002   PAD
    0x0800aae8   0x00000270   Code   RO        12524    i.create_name       ff.o
    0x0800ad58   0x00000090   Code   RO        12525    i.create_xdir       ff.o
    0x0800ade8   0x00000014   Code   RO          580    i.delay_init        delay.o
    0x0800adfc   0x00000018   Code   RO          581    i.delay_ms          delay.o
    0x0800ae14   0x00000048   Code   RO          582    i.delay_us          delay.o
    0x0800ae5c   0x0000007c   Code   RO        12526    i.dir_alloc         ff.o
    0x0800aed8   0x000001a0   Code   RO        12527    i.dir_find          ff.o
    0x0800b078   0x00000120   Code   RO        12528    i.dir_next          ff.o
    0x0800b198   0x00000104   Code   RO        12529    i.dir_read          ff.o
    0x0800b29c   0x0000020c   Code   RO        12530    i.dir_register      ff.o
    0x0800b4a8   0x00000072   Code   RO        12531    i.dir_remove        ff.o
    0x0800b51a   0x000000aa   Code   RO        12532    i.dir_sdi           ff.o
    0x0800b5c4   0x00000020   Code   RO        12957    i.disk_initialize   diskio.o
    0x0800b5e4   0x0000006c   Code   RO        12958    i.disk_ioctl        diskio.o
    0x0800b650   0x00000056   Code   RO        12959    i.disk_read         diskio.o
    0x0800b6a6   0x00000006   Code   RO        12960    i.disk_status       diskio.o
    0x0800b6ac   0x00000056   Code   RO        12961    i.disk_write        diskio.o
    0x0800b702   0x00000002   PAD
    0x0800b704   0x00000164   Code   RO        12484    i.do_tcp_server_for_firmwareupadate  tcp_demo.o
    0x0800b868   0x00000210   Code   RO        11142    i.do_udp            udp_demo.o
    0x0800ba78   0x00000084   Code   RO        13029    i.exfuns_init       exfuns.o
    0x0800bafc   0x00000026   Code   RO        12533    i.f_close           ff.o
    0x0800bb22   0x00000018   Code   RO        12534    i.f_closedir        ff.o
    0x0800bb3a   0x00000166   Code   RO        12535    i.f_getfree         ff.o
    0x0800bca0   0x00000116   Code   RO        12536    i.f_getlabel        ff.o
    0x0800bdb6   0x00000052   Code   RO        12537    i.f_gets            ff.o
    0x0800be08   0x0000041a   Code   RO        12538    i.f_lseek           ff.o
    0x0800c222   0x000001f4   Code   RO        12539    i.f_mkdir           ff.o
    0x0800c416   0x00000002   PAD
    0x0800c418   0x00000570   Code   RO        12540    i.f_mkfs            ff.o
    0x0800c988   0x0000005c   Code   RO        12541    i.f_mount           ff.o
    0x0800c9e4   0x000002bc   Code   RO        12542    i.f_open            ff.o
    0x0800cca0   0x000000e2   Code   RO        12543    i.f_opendir         ff.o
    0x0800cd82   0x00000040   Code   RO        12545    i.f_putc            ff.o
    0x0800cdc2   0x0000004a   Code   RO        12546    i.f_puts            ff.o
    0x0800ce0c   0x00000228   Code   RO        12547    i.f_read            ff.o
    0x0800d034   0x0000007a   Code   RO        12548    i.f_readdir         ff.o
    0x0800d0ae   0x000001b6   Code   RO        12549    i.f_rename          ff.o
    0x0800d264   0x00000268   Code   RO        12550    i.f_setlabel        ff.o
    0x0800d4cc   0x0000018e   Code   RO        12552    i.f_sync            ff.o
    0x0800d65a   0x0000012c   Code   RO        12554    i.f_unlink          ff.o
    0x0800d786   0x00000292   Code   RO        12555    i.f_write           ff.o
    0x0800da18   0x0000007c   Code   RO        13344    i.ff_convert        cc936.o
    0x0800da94   0x0000000e   Code   RO        12962    i.ff_memalloc       diskio.o
    0x0800daa2   0x0000000e   Code   RO        12963    i.ff_memfree        diskio.o
    0x0800dab0   0x000000a4   Code   RO        13345    i.ff_wtoupper       cc936.o
    0x0800db54   0x00000036   Code   RO        12556    i.fill_fat_chain    ff.o
    0x0800db8a   0x000000a4   Code   RO        12557    i.find_bitmap       ff.o
    0x0800dc2e   0x00000002   PAD
    0x0800dc30   0x00000458   Code   RO        12558    i.find_volume       ff.o
    0x0800e088   0x000000e4   Code   RO        12559    i.follow_path       ff.o
    0x0800e16c   0x0000001c   Code   RO          677    i.fputc             usart.o
    0x0800e188   0x000000cc   Code   RO        12560    i.gen_numname       ff.o
    0x0800e254   0x00000010   Code   RO        11541    i.getIINCHIP_TxMAX  w5500.o
    0x0800e264   0x0000000c   Code   RO        11543    i.getPHYStatus      w5500.o
    0x0800e270   0x00000012   Code   RO        11547    i.getSn_IR          w5500.o
    0x0800e282   0x00000054   Code   RO        11548    i.getSn_RX_RSR      w5500.o
    0x0800e2d6   0x00000012   Code   RO        11549    i.getSn_SR          w5500.o
    0x0800e2e8   0x00000054   Code   RO        11550    i.getSn_TX_FSR      w5500.o
    0x0800e33c   0x0000017a   Code   RO        12561    i.get_fat           ff.o
    0x0800e4b6   0x00000004   Code   RO        12964    i.get_fattime       diskio.o
    0x0800e4ba   0x00000162   Code   RO        12562    i.get_fileinfo      ff.o
    0x0800e61c   0x0000004a   Code   RO        12563    i.get_ldnumber      ff.o
    0x0800e666   0x000000bc   Code   RO        12564    i.get_xdir_info     ff.o
    0x0800e722   0x00000002   PAD
    0x0800e724   0x00000088   Code   RO        12297    i.heart_beat_test   lot.o
    0x0800e7ac   0x0000002c   Code   RO        12449    i.iap_load_app      iap.o
    0x0800e7d8   0x00000026   Code   RO        12565    i.ld_clust          ff.o
    0x0800e7fe   0x00000018   Code   RO        12566    i.ld_dword          ff.o
    0x0800e816   0x00000062   Code   RO        12567    i.ld_qword          ff.o
    0x0800e878   0x0000000c   Code   RO        12568    i.ld_word           ff.o
    0x0800e884   0x0000003e   Code   RO        11323    i.listen            socket.o
    0x0800e8c2   0x0000003c   Code   RO        12569    i.load_obj_dir      ff.o
    0x0800e8fe   0x000000dc   Code   RO        12570    i.load_xdir         ff.o
    0x0800e9da   0x00000002   PAD
    0x0800e9dc   0x00000100   Code   RO            8    i.main              main.o
    0x0800eadc   0x00000024   Code   RO        12571    i.mem_cmp           ff.o
    0x0800eb00   0x0000001a   Code   RO        12572    i.mem_cpy           ff.o
    0x0800eb1a   0x00000012   Code   RO        12573    i.mem_set           ff.o
    0x0800eb2c   0x00000014   Code   RO        13115    i.mf_close          fattester.o
    0x0800eb40   0x00000010   Code   RO        13116    i.mf_closedir       fattester.o
    0x0800eb50   0x00000014   Code   RO        13117    i.mf_fmkfs          fattester.o
    0x0800eb64   0x00000084   Code   RO        13118    i.mf_getlabel       fattester.o
    0x0800ebe8   0x0000004c   Code   RO        13119    i.mf_gets           fattester.o
    0x0800ec34   0x00000018   Code   RO        13120    i.mf_lseek          fattester.o
    0x0800ec4c   0x0000000c   Code   RO        13121    i.mf_mkdir          fattester.o
    0x0800ec58   0x00000018   Code   RO        13122    i.mf_mount          fattester.o
    0x0800ec70   0x0000001c   Code   RO        13123    i.mf_open           fattester.o
    0x0800ec8c   0x00000014   Code   RO        13124    i.mf_opendir        fattester.o
    0x0800eca0   0x00000018   Code   RO        13125    i.mf_putc           fattester.o
    0x0800ecb8   0x00000018   Code   RO        13126    i.mf_puts           fattester.o
    0x0800ecd0   0x00000158   Code   RO        13127    i.mf_read           fattester.o
    0x0800ee28   0x000001c4   Code   RO        13128    i.mf_readdir        fattester.o
    0x0800efec   0x00000010   Code   RO        13129    i.mf_rename         fattester.o
    0x0800effc   0x00000060   Code   RO        13131    i.mf_scan_files     fattester.o
    0x0800f05c   0x0000005c   Code   RO        13133    i.mf_setlabel       fattester.o
    0x0800f0b8   0x000000a8   Code   RO        13134    i.mf_showfree       fattester.o
    0x0800f160   0x0000000c   Code   RO        13135    i.mf_size           fattester.o
    0x0800f16c   0x0000000c   Code   RO        13136    i.mf_tell           fattester.o
    0x0800f178   0x0000000c   Code   RO        13137    i.mf_unlink         fattester.o
    0x0800f184   0x000000b8   Code   RO        13138    i.mf_write          fattester.o
    0x0800f23c   0x00000034   Code   RO        12574    i.move_window       ff.o
    0x0800f270   0x0000006c   Code   RO        13574    i.my_mem_free       malloc.o
    0x0800f2dc   0x0000002c   Code   RO        13575    i.my_mem_init       malloc.o
    0x0800f308   0x000000a8   Code   RO        13576    i.my_mem_malloc     malloc.o
    0x0800f3b0   0x00000040   Code   RO        13577    i.my_mem_perused    malloc.o
    0x0800f3f0   0x00000024   Code   RO        13578    i.myfree            malloc.o
    0x0800f414   0x00000028   Code   RO        13579    i.mymalloc          malloc.o
    0x0800f43c   0x00000014   Code   RO        13581    i.mymemset          malloc.o
    0x0800f450   0x00000088   Code   RO        12575    i.pick_lfn          ff.o
    0x0800f4d8   0x00000144   Code   RO        12576    i.put_fat           ff.o
    0x0800f61c   0x00000080   Code   RO        12577    i.put_lfn           ff.o
    0x0800f69c   0x00000044   Code   RO        12578    i.putc_bfd          ff.o
    0x0800f6e0   0x00000006   Code   RO        13378    i.read_addr         usmart.o
    0x0800f6e6   0x00000042   Code   RO        11324    i.recv              socket.o
    0x0800f728   0x00000094   Code   RO        11552    i.recv_data_processing  w5500.o
    0x0800f7bc   0x000002a8   Code   RO        11325    i.recvfrom          socket.o
    0x0800fa64   0x0000010a   Code   RO        12579    i.remove_chain      ff.o
    0x0800fb6e   0x00000002   PAD
    0x0800fb70   0x000000f0   Code   RO        11326    i.send              socket.o
    0x0800fc60   0x00000094   Code   RO        11553    i.send_data_processing  w5500.o
    0x0800fcf4   0x0000011c   Code   RO        11327    i.sendto            socket.o
    0x0800fe10   0x00000040   Code   RO        11554    i.setDIPR           w5500.o
    0x0800fe50   0x00000038   Code   RO        11555    i.setDPORT          w5500.o
    0x0800fe88   0x00000010   Code   RO        11556    i.setGAR            w5500.o
    0x0800fe98   0x00000012   Code   RO        11560    i.setSHAR           w5500.o
    0x0800feaa   0x00000012   Code   RO        11561    i.setSIPR           w5500.o
    0x0800febc   0x00000012   Code   RO        11562    i.setSUBR           w5500.o
    0x0800fece   0x00000016   Code   RO        11563    i.setSn_IR          w5500.o
    0x0800fee4   0x00000024   Code   RO        11565    i.setSn_PORT        w5500.o
    0x0800ff08   0x000000c6   Code   RO        12042    i.sht30_read_temp_humi  sht30.o
    0x0800ffce   0x00000002   PAD
    0x0800ffd0   0x000000e0   Code   RO        11328    i.socket            socket.o
    0x080100b0   0x00000088   Code   RO        11567    i.socket_buf_init   w5500.o
    0x08010138   0x00000024   Code   RO        12580    i.st_clust          ff.o
    0x0801015c   0x00000018   Code   RO        12581    i.st_dword          ff.o
    0x08010174   0x0000005c   Code   RO        12582    i.st_qword          ff.o
    0x080101d0   0x0000000c   Code   RO        12583    i.st_word           ff.o
    0x080101dc   0x0000006e   Code   RO        12584    i.store_xdir        ff.o
    0x0801024a   0x00000020   Code   RO        12585    i.sum_sfn           ff.o
    0x0801026a   0x00000002   PAD
    0x0801026c   0x00000090   Code   RO        12586    i.sync_fs           ff.o
    0x080102fc   0x00000052   Code   RO        12587    i.sync_window       ff.o
    0x0801034e   0x00000002   PAD
    0x08010350   0x00000038   Code   RO          678    i.uart_init         usart.o
    0x08010388   0x000000b0   Code   RO        13379    i.usmart_cmd_rec    usmart.o
    0x08010438   0x000002d4   Code   RO        13380    i.usmart_exe        usmart.o
    0x0801070c   0x000000d4   Code   RO        13490    i.usmart_get_aparm  usmart_str.o
    0x080107e0   0x00000036   Code   RO        13491    i.usmart_get_cmdname  usmart_str.o
    0x08010816   0x00000002   PAD
    0x08010818   0x000001c0   Code   RO        13492    i.usmart_get_fname  usmart_str.o
    0x080109d8   0x0000010c   Code   RO        13493    i.usmart_get_fparam  usmart_str.o
    0x08010ae4   0x00000020   Code   RO        13494    i.usmart_get_parmpos  usmart_str.o
    0x08010b04   0x00000044   Code   RO        13381    i.usmart_get_runtime  usmart.o
    0x08010b48   0x00000028   Code   RO        13382    i.usmart_init       usmart.o
    0x08010b70   0x00000016   Code   RO        13495    i.usmart_pow        usmart_str.o
    0x08010b86   0x00000002   PAD
    0x08010b88   0x00000034   Code   RO        13383    i.usmart_reset_runtime  usmart.o
    0x08010bbc   0x000000bc   Code   RO        13384    i.usmart_scan       usmart.o
    0x08010c78   0x00000016   Code   RO        13496    i.usmart_search_nextc  usmart_str.o
    0x08010c8e   0x00000106   Code   RO        13497    i.usmart_str2num    usmart_str.o
    0x08010d94   0x00000022   Code   RO        13498    i.usmart_strcmp     usmart_str.o
    0x08010db6   0x00000016   Code   RO        13499    i.usmart_strcopy    usmart_str.o
    0x08010dcc   0x00000018   Code   RO        13500    i.usmart_strlen     usmart_str.o
    0x08010de4   0x000006f4   Code   RO        13385    i.usmart_sys_cmd_exe  usmart.o
    0x080114d8   0x00000042   Code   RO        12588    i.validate          ff.o
    0x0801151a   0x00000002   PAD
    0x0801151c   0x00000078   Code   RO        11192    i.wiz_read_buf      spi_w5500.o
    0x08011594   0x00000078   Code   RO        11193    i.wiz_write_buf     spi_w5500.o
    0x0801160c   0x00000004   Code   RO        13386    i.write_addr        usmart.o
    0x08011610   0x0000003a   Code   RO        12589    i.xdir_sum          ff.o
    0x0801164a   0x0000004c   Code   RO        12590    i.xname_sum         ff.o
    0x08011696   0x0000000a   Code   RO        13961    x$fpl$fpinit        fz_wv.l(fpinit.o)
    0x080116a0   0x00000018   Data   RO          545    .constdata          system_stm32f7xx.o
    0x080116b8   0x00000008   Data   RO         2518    .constdata          stm32f7xx_hal_dma.o
    0x080116c0   0x0000004a   Data   RO        12592    .constdata          ff.o
    0x0801170a   0x0002abb6   Data   RO        13346    .constdata          cc936.o
    0x0803c2c0   0x00000024   Data   RO        13588    .constdata          malloc.o
    0x0803c2e4   0x00000028   Data   RO        13700    .constdata          c_w.l(_printf_hex_int_ll_ptr.o)
    0x0803c30c   0x00000011   Data   RO        13720    .constdata          c_w.l(__printf_flags_ss_wp.o)
    0x0803c31d   0x00000003   PAD
    0x0803c320   0x00000041   Data   RO        12485    .conststring        tcp_demo.o
    0x0803c361   0x00000003   PAD
    0x0803c364   0x00000041   Data   RO        13141    .conststring        fattester.o
    0x0803c3a5   0x00000003   PAD
    0x0803c3a8   0x00000028   Data   RO        13388    .conststring        usmart.o
    0x0803c3d0   0x00000269   Data   RO        13465    .conststring        usmart_config.o
    0x0803c639   0x00000003   PAD
    0x0803c63c   0x00000020   Data   RO        14025    Region$$Table       anon$$obj.o


    Execution Region RW_IRAM1 (Base: 0x20020000, Size: 0x0002caa0, Max: 0x00060000, ABSOLUTE, COMPRESSED[0x00000104])

    Base Addr    Size         Type   Attr      Idx    E Section Name        Object

    0x20020000   0x00000004   Data   RW          546    .data               system_stm32f7xx.o
    0x20020004   0x00000004   Data   RW          583    .data               delay.o
    0x20020008   0x00000007   Data   RW          680    .data               usart.o
    0x2002000f   0x00000001   PAD
    0x20020010   0x00000004   Data   RW          770    .data               stm32f7xx_hal.o
    0x20020014   0x00000004   Data   RW        11053    .data               rtc.o
    0x20020018   0x00000010   Data   RW        11569    .data               w5500.o
    0x20020028   0x00000015   Data   RW        11753    .data               w5500_conf.o
    0x2002003d   0x00000003   PAD
    0x20020040   0x0000000e   Data   RW        11897    .data               timer.o
    0x2002004e   0x00000010   Data   RW        12138    .data               8aoai_protocol.o
    0x2002005e   0x00000019   Data   RW        12165    .data               32dido_protocol.o
    0x20020077   0x00000001   PAD
    0x20020078   0x0000001d   Data   RW        12201    .data               define.o
    0x20020095   0x00000001   PAD
    0x20020096   0x00000002   Data   RW        12237    .data               didoaiao.o
    0x20020098   0x00000004   Data   RW        12452    .data               iap.o
    0x2002009c   0x00000005   Data   RW        12486    .data               tcp_demo.o
    0x200200a1   0x00000001   PAD
    0x200200a2   0x00000002   Data   RW        12593    .data               ff.o
    0x200200a4   0x00000014   Data   RW        13034    .data               exfuns.o
    0x200200b8   0x0000001c   Data   RW        13389    .data               usmart.o
    0x200200d4   0x000001b4   Data   RW        13466    .data               usmart_config.o
    0x20020288   0x00000024   Data   RW        13589    .data               malloc.o
    0x200202ac   0x00000138   Zero   RW          679    .bss                usart.o
    0x200203e4   0x0000001c   Zero   RW         3075    .bss                stm32f7xx_hal_flash.o
    0x20020400   0x00000064   Zero   RW        10694    .bss                ad5676.o
    0x20020464   0x000000dc   Zero   RW        10755    .bss                adc.o
    0x20020540   0x00000025   Zero   RW        10811    .bss                24cxx.o
    0x20020565   0x00000003   PAD
    0x20020568   0x00000010   Zero   RW        10948    .bss                iwdg.o
    0x20020578   0x00000038   Zero   RW        11052    .bss                rtc.o
    0x200205b0   0x00000064   Zero   RW        11194    .bss                spi_w5500.o
    0x20020614   0x00000020   Zero   RW        11568    .bss                w5500.o
    0x20020634   0x00000004   PAD
    0x20020638   0x00000378   Zero   RW        11789    .bss                sd.o
    0x200209b0   0x0000003c   Zero   RW        11896    .bss                timer.o
    0x200209ec   0x0000000c   Zero   RW        11991    .bss                rng.o
    0x200209f8   0x0000000e   Zero   RW        12164    .bss                32dido_protocol.o
    0x20020a06   0x00001048   Zero   RW        12200    .bss                define.o
    0x20021a4e   0x00000018   Zero   RW        12236    .bss                didoaiao.o
    0x20021a66   0x00000002   PAD
    0x20021a68   0x0000000c   Zero   RW        12591    .bss                ff.o
    0x20021a74   0x00000004   PAD
    0x20021a78   0x00000178   Zero   RW        13031    .bss                exfuns.o
    0x20021bf0   0x0000003c   Zero   RW        13387    .bss                usmart.o
    0x20021c2c   0x00000014   PAD
    0x20021c40   0x0002a800   Zero   RW        13587    .bss                malloc.o
    0x2004c440   0x00000060   Zero   RW        13885    .bss                c_w.l(libspace.o)
    0x2004c4a0   0x00000200   Zero   RW          736    HEAP                startup_stm32f767xx.o
    0x2004c6a0   0x00000400   Zero   RW          735    STACK               startup_stm32f767xx.o



  Load Region LR$$.ARM.__AT_0x20000000 (Base: 0x20000000, Size: 0x00000000, Max: 0x0000f000, ABSOLUTE)

    Execution Region ER$$.ARM.__AT_0x20000000 (Base: 0x20000000, Size: 0x0000f000, Max: 0x0000f000, ABSOLUTE, UNINIT)

    Base Addr    Size         Type   Attr      Idx    E Section Name        Object

    0x20000000   0x0000f000   Zero   RW        13583    .ARM.__AT_0x20000000  malloc.o



  Load Region LR$$.ARM.__AT_0x2000F000 (Base: 0x2000f000, Size: 0x00000000, Max: 0x00000f00, ABSOLUTE)

    Execution Region ER$$.ARM.__AT_0x2000F000 (Base: 0x2000f000, Size: 0x00000f00, Max: 0x00000f00, ABSOLUTE, UNINIT)

    Base Addr    Size         Type   Attr      Idx    E Section Name        Object

    0x2000f000   0x00000f00   Zero   RW        13584    .ARM.__AT_0x2000F000  malloc.o



  Load Region LR$$.ARM.__AT_0xC01F4000 (Base: 0xc01f4000, Size: 0x00000000, Max: 0x01c3c000, ABSOLUTE)

    Execution Region ER$$.ARM.__AT_0xC01F4000 (Base: 0xc01f4000, Size: 0x01c3c000, Max: 0x01c3c000, ABSOLUTE, UNINIT)

    Base Addr    Size         Type   Attr      Idx    E Section Name        Object

    0xc01f4000   0x01c3c000   Zero   RW        13585    .ARM.__AT_0xC01F4000  malloc.o



  Load Region LR$$.ARM.__AT_0xC1E30000 (Base: 0xc1e30000, Size: 0x00000000, Max: 0x001c3c00, ABSOLUTE)

    Execution Region ER$$.ARM.__AT_0xC1E30000 (Base: 0xc1e30000, Size: 0x001c3c00, Max: 0x001c3c00, ABSOLUTE, UNINIT)

    Base Addr    Size         Type   Attr      Idx    E Section Name        Object

    0xc1e30000   0x001c3c00   Zero   RW        13586    .ARM.__AT_0xC1E30000  malloc.o


==============================================================================

Image component sizes


      Code (inc. data)   RO Data    RW Data    ZI Data      Debug   Object Name

       974          8          0          0         37       6258   24cxx.o
       400         30          0          0          0       3661   32dido.o
         0          0          0         25         14       5094   32dido_protocol.o
         0          0          0         16          0       1857   8aoai_protocol.o
       452         42          0          0        100       4374   ad5676.o
       808         48          0          0        220       3822   adc.o
       288         26     175030          0          0       2759   cc936.o
        30          0          0         29       4168       2909   define.o
       116          8          0          4          0       1963   delay.o
      4112        186          0          2         24       6024   didoaiao.o
       350          6          0          0          0       5599   diskio.o
       132         18          0         20        376       3998   exfuns.o
      2506       1050         65          0          0      15280   fattester.o
     16534        176         74          2         12      68542   ff.o
       440         40          0          0          0       3375   flash.o
        44          8          0          4          0       1133   iap.o
        56         16          0          0         16       1311   iwdg.o
       420         32          0          0          0       2669   led.o
      1040        112          0          0          0       8048   lot.o
       900        100          0          0          0     521508   main.o
       480         54         36         36   31695616       6478   malloc.o
       316         62          0          0          0      39916   mpu.o
       788         46          0          0          0       5118   myiic.o
      3056         70          0          0          0       3895   net_parameter_setting.o
       140         16          0          0         12       2317   rng.o
       332         54          0          4         56       5603   rtc.o
      1088         96          0          0        888       7492   sd.o
      1174         46          0          0          0       7223   sht30.o
      1608         48          0          0          0       5996   socket.o
       956        140          0          0        100      10273   spi_w5500.o
        64         26        504          0       1536        844   startup_stm32f767xx.o
       134         20          0          4          0       3587   stm32f7xx_hal.o
      1402         68          0          0          0       7327   stm32f7xx_hal_adc.o
       430         26          0          0          0      37152   stm32f7xx_hal_cortex.o
      1666         20          8          0          0       8211   stm32f7xx_hal_dma.o
       656         60          0          0         28       5722   stm32f7xx_hal_flash.o
       396         18          0          0          0       2630   stm32f7xx_hal_flash_ex.o
       600         56          0          0          0       4115   stm32f7xx_hal_gpio.o
       112          0          0          0          0       1635   stm32f7xx_hal_iwdg.o
         2          0          0          0          0        474   stm32f7xx_hal_msp.o
        20          6          0          0          0        519   stm32f7xx_hal_pwr.o
       144          8          0          0          0       1200   stm32f7xx_hal_pwr_ex.o
       716         50          0          0          0       3828   stm32f7xx_hal_rcc.o
      3664         32          0          0          0       3592   stm32f7xx_hal_rcc_ex.o
       214          0          0          0          0       2484   stm32f7xx_hal_rng.o
      1216         28          0          0          0       7476   stm32f7xx_hal_rtc.o
        66          4          0          0          0       1530   stm32f7xx_hal_rtc_ex.o
      4508         30          0          0          0      28639   stm32f7xx_hal_sd.o
      1522          0          0          0          0       5643   stm32f7xx_hal_spi.o
       752         44          0          0          0       5431   stm32f7xx_hal_tim.o
         4          0          0          0          0       1534   stm32f7xx_hal_tim_ex.o
      2388         54          0          0          0      10860   stm32f7xx_hal_uart.o
        28          0          0          0          0       3826   stm32f7xx_it.o
       194          0          0          0          0       5284   stm32f7xx_ll_sdmmc.o
       212         16          0          0          0       2219   sys.o
       100         18         24          4          0       1183   system_stm32f7xx.o
       356         20         65          5          0       1275   tcp_demo.o
       356         56          0         14         60       3243   timer.o
       528         32          0          0          0       1061   udp_demo.o
       452         58          0          7        312       5480   usart.o
      3198       1354         40         28         60       7995   usmart.o
         0          0        617        436          0       1548   usmart_config.o
      1400         20          0          0          0       8965   usmart_str.o
      1144         84          0         16         32      12694   w5500.o
         0          0          0         21          0       1030   w5500_conf.o

    ----------------------------------------------------------------------
     68262       4746     176504        684   31703700     964731   Object Totals
         0          0         32          0          0          0   (incl. Generated)
        78          0          9          7         33          0   (incl. Padding)

    ----------------------------------------------------------------------

      Code (inc. data)   RO Data    RW Data    ZI Data      Debug   Library Member Name

        24          4          0          0          0         84   __2printf.o
        44          6          0          0          0         84   __2sprintf.o
        90          0          0          0          0          0   __dczerorl2.o
         8          0          0          0          0         68   __main.o
       392          4         17          0          0         92   __printf_flags_ss_wp.o
        14          0          0          0          0         68   __printf_wp.o
         0          0          0          0          0          0   __rtentry.o
        12          0          0          0          0          0   __rtentry2.o
         6          0          0          0          0          0   __rtentry4.o
        52          8          0          0          0          0   __scatter.o
        28          0          0          0          0          0   __scatter_zi.o
         6          0          0          0          0          0   _printf_c.o
        44          0          0          0          0        108   _printf_char.o
        48          6          0          0          0         96   _printf_char_common.o
        36          4          0          0          0         80   _printf_char_file.o
         6          0          0          0          0          0   _printf_d.o
       120         16          0          0          0         92   _printf_dec.o
       148          4         40          0          0        160   _printf_hex_int_ll_ptr.o
       178          0          0          0          0         88   _printf_intcommon.o
        10          0          0          0          0          0   _printf_ll.o
         6          0          0          0          0          0   _printf_lld.o
       124         16          0          0          0         92   _printf_longlong_dec.o
        78          0          0          0          0        108   _printf_pad.o
         0          0          0          0          0          0   _printf_percent.o
         4          0          0          0          0          0   _printf_percent_end.o
         6          0          0          0          0          0   _printf_s.o
        82          0          0          0          0         80   _printf_str.o
         6          0          0          0          0          0   _printf_u.o
         6          0          0          0          0          0   _printf_x.o
        10          0          0          0          0         68   _sputc.o
        12          0          0          0          0         72   exit.o
         8          0          0          0          0         68   ferror.o
         6          0          0          0          0        152   heapauxi.o
         2          0          0          0          0          0   libinit.o
         6          0          0          0          0          0   libinit2.o
         2          0          0          0          0          0   libshutdown.o
         2          0          0          0          0          0   libshutdown2.o
         8          4          0          0         96         68   libspace.o
       138          0          0          0          0         80   lludiv10.o
       238          0          0          0          0        100   lludivv7m.o
        68          0          0          0          0         68   rt_memclr.o
        78          0          0          0          0         80   rt_memclr_w.o
       138          0          0          0          0         68   rt_memcpy_v6.o
       100          0          0          0          0         80   rt_memcpy_w.o
         2          0          0          0          0          0   rtexit.o
        10          0          0          0          0          0   rtexit2.o
        62          0          0          0          0         76   strlen.o
        74          0          0          0          0         80   sys_stackheap_outer.o
         2          0          0          0          0         68   use_no_semi.o
         2          0          0          0          0         68   use_no_semi_2.o
        10          0          0          0          0        116   fpinit.o

    ----------------------------------------------------------------------
      2562         72         60          0         96       2612   Library Totals
         6          0          3          0          0          0   (incl. Padding)

    ----------------------------------------------------------------------

      Code (inc. data)   RO Data    RW Data    ZI Data      Debug   Library Name

      2546         72         57          0         96       2496   c_w.l
        10          0          0          0          0        116   fz_wv.l

    ----------------------------------------------------------------------
      2562         72         60          0         96       2612   Library Totals

    ----------------------------------------------------------------------

==============================================================================


      Code (inc. data)   RO Data    RW Data    ZI Data      Debug   

     70824       4818     176564        684   31703796     921543   Grand Totals
     70824       4818     176564        260   31703796     921543   ELF Image Totals (compressed)
     70824       4818     176564        260          0          0   ROM Totals

==============================================================================

    Total RO  Size (Code + RO Data)               247388 ( 241.59kB)
    Total RW  Size (RW Data + ZI Data)          31704480 (30961.41kB)
    Total ROM Size (Code + RO Data + RW Data)     247648 ( 241.84kB)

==============================================================================

