<html>
<body>
<pre>
<h1>礦ision Build Log</h1>
<h2>Tool Versions:</h2>
IDE-Version: μVision V5.15
Copyright (C) 2015 ARM Ltd and ARM Germany GmbH. All rights reserved.
License Information: 1 zzw981116@163.com, 1, LIC=LJWBS-LR2ZB-8WF2D-8G40B-4RU74-GGXSX
 
Tool Versions:
Toolchain:       MDK-ARM Professional  Version: 5.15.0
Toolchain Path:  D:\Keil_v5\ARM\ARMCC\Bin
C Compiler:      Armcc.exe V5.05 update 2 (build 169)
Assembler:       Armasm.exe V5.05 update 2 (build 169)
Linker/Locator:  ArmLink.exe V5.05 update 2 (build 169)
Library Manager: ArmAr.exe V5.05 update 2 (build 169)
Hex Converter:   FromElf.exe V5.05 update 2 (build 169)
CPU DLL:         SARMCM3.DLL V5.15.0
Dialog DLL:      DCM.DLL V1.13.2.0
Target DLL:      STLink\ST-LINKIII-KEIL_SWO.dll V2.0.15.0_KEIL
Dialog DLL:      TCM.DLL V1.14.5.0
 
<h2>Project:</h2>
C:\Users\zzw98\Desktop\Y2021M04D30H16-32DIDI6AI8AO新协议\MDK\TEST.uvprojx
Project File Date:  02/15/2024

<h2>Output:</h2>
*** Using Compiler 'V5.05 update 2 (build 169)', folder: 'D:\Keil_v5\ARM\ARMCC\Bin'
Rebuild target 'Template'
compiling main.c...
..\USER\main.c(182): warning:  #177-D: variable "Analog_channel" was declared but never referenced
      unsigned char Analog_channel=0x01;
..\USER\main.c(183): warning:  #177-D: variable "APP_Running_Address_Flag" was declared but never referenced
          unsigned char APP_Running_Address_Flag = 0x00;
..\USER\main.c(184): warning:  #177-D: variable "APP_Running_Address" was declared but never referenced
          unsigned int APP_Running_Address ;
..\USER\main.c: 3 warnings, 0 errors
compiling stm32f7xx_hal_msp.c...
compiling stm32f7xx_it.c...
compiling system_stm32f7xx.c...
compiling delay.c...
compiling sys.c...
compiling usart.c...
assembling startup_stm32f767xx.s...
compiling stm32f7xx_hal.c...
compiling stm32f7xx_hal_adc.c...
compiling stm32f7xx_hal_adc_ex.c...
compiling stm32f7xx_hal_can.c...
compiling stm32f7xx_hal_cec.c...
compiling stm32f7xx_hal_cortex.c...
compiling stm32f7xx_hal_crc.c...
compiling stm32f7xx_hal_crc_ex.c...
compiling stm32f7xx_hal_cryp.c...
compiling stm32f7xx_hal_cryp_ex.c...
compiling stm32f7xx_hal_dac.c...
compiling stm32f7xx_hal_dac_ex.c...
compiling stm32f7xx_hal_dcmi.c...
compiling stm32f7xx_hal_dcmi_ex.c...
compiling stm32f7xx_hal_dfsdm.c...
compiling stm32f7xx_hal_dma.c...
compiling stm32f7xx_hal_dma_ex.c...
compiling stm32f7xx_hal_dma2d.c...
compiling stm32f7xx_hal_dsi.c...
compiling stm32f7xx_hal_eth.c...
compiling stm32f7xx_hal_flash.c...
compiling stm32f7xx_hal_flash_ex.c...
compiling stm32f7xx_hal_gpio.c...
compiling stm32f7xx_hal_hash.c...
compiling stm32f7xx_hal_hash_ex.c...
compiling stm32f7xx_hal_hcd.c...
compiling stm32f7xx_hal_i2c.c...
compiling stm32f7xx_hal_i2c_ex.c...
compiling stm32f7xx_hal_i2s.c...
compiling stm32f7xx_hal_irda.c...
compiling stm32f7xx_hal_iwdg.c...
compiling stm32f7xx_hal_jpeg.c...
compiling stm32f7xx_hal_lptim.c...
compiling stm32f7xx_hal_ltdc.c...
compiling stm32f7xx_hal_ltdc_ex.c...
compiling stm32f7xx_hal_mdios.c...
compiling stm32f7xx_hal_nand.c...
compiling stm32f7xx_hal_nor.c...
compiling stm32f7xx_hal_pcd.c...
compiling stm32f7xx_hal_pcd_ex.c...
compiling stm32f7xx_hal_pwr.c...
compiling stm32f7xx_hal_pwr_ex.c...
compiling stm32f7xx_hal_qspi.c...
compiling stm32f7xx_hal_rcc.c...
compiling stm32f7xx_hal_rcc_ex.c...
compiling stm32f7xx_hal_rng.c...
compiling stm32f7xx_hal_rtc.c...
compiling stm32f7xx_hal_rtc_ex.c...
compiling stm32f7xx_hal_sai.c...
compiling stm32f7xx_hal_sai_ex.c...
compiling stm32f7xx_hal_sd.c...
compiling stm32f7xx_hal_sdram.c...
compiling stm32f7xx_hal_smartcard.c...
compiling stm32f7xx_hal_smartcard_ex.c...
compiling stm32f7xx_hal_spdifrx.c...
compiling stm32f7xx_hal_spi.c...
compiling stm32f7xx_hal_sram.c...
compiling stm32f7xx_hal_tim.c...
compiling stm32f7xx_hal_tim_ex.c...
compiling stm32f7xx_hal_uart.c...
compiling stm32f7xx_hal_usart.c...
compiling stm32f7xx_hal_wwdg.c...
compiling stm32f7xx_ll_fmc.c...
compiling stm32f7xx_ll_sdmmc.c...
compiling stm32f7xx_ll_usb.c...
compiling 32DIDO.c...
compiling AD5676.c...
compiling ADC.c...
compiling 24cxx.c...
compiling myiic.c...
..\HARDWARE\EEPROM\IIC\myiic.c(25): warning:  #61-D: integer operation result is out of range
        
DA_OUT();     //sda???涑?
..\HARDWARE\EEPROM\IIC\myiic.c(36): warning:  #61-D: integer operation result is out of range
        
DA_OUT();//sda???涑?
..\HARDWARE\EEPROM\IIC\myiic.c(50): warning:  #61-D: integer operation result is out of range
        
DA_IN();      //SDA????为????  
..\HARDWARE\EEPROM\IIC\myiic.c(69): warning:  #61-D: integer operation result is out of range
        
DA_OUT();
..\HARDWARE\EEPROM\IIC\myiic.c(80): warning:  #61-D: integer operation result is out of range
        
DA_OUT();
..\HARDWARE\EEPROM\IIC\myiic.c(94): warning:  #61-D: integer operation result is out of range
        
DA_OUT();           
..\HARDWARE\EEPROM\IIC\myiic.c(111): warning:  #61-D: integer operation result is out of range
        
DA_IN();//SDA????为????
..\HARDWARE\EEPROM\IIC\myiic.c: 7 warnings, 0 errors
compiling iwdg.c...
compiling LED.c...
compiling RTC.c...
..\HARDWARE\RTC\RTC.c(60): warning:  #940-D: missing return statement at end of non-void function "RTC_Init"
  }
..\HARDWARE\RTC\RTC.c(89): warning:  #940-D: missing return statement at end of non-void function "Get_Board_Time"
  }
..\HARDWARE\RTC\RTC.c(95): warning:  #940-D: missing return statement at end of non-void function "Get_Board_Date"
  }
..\HARDWARE\RTC\RTC.c: 3 warnings, 0 errors
compiling udp_demo.c...
compiling SPI_W5500.c...
compiling socket.c...
compiling utility.c...
compiling w5500.c...
..\HARDWARE\W5500\W5500\w5500.c(486): warning:  #940-D: missing return statement at end of non-void function "PHY_Check"
  }
..\HARDWARE\W5500\W5500\w5500.c: 1 warning, 0 errors
compiling w5500_conf.c...
compiling SD.c...
compiling SD_Test.c...
compiling Timer.c...
compiling mpu.c...
compiling RNG.c...
compiling SHT30.c...
..\HARDWARE\SHT30\SHT30.c(155): warning:  #550-D: variable "temperature" was set but never used
        float temperature =  0;
..\HARDWARE\SHT30\SHT30.c(156): warning:  #550-D: variable "humidity" was set but never used
    float humidity = 0 ;
..\HARDWARE\SHT30\SHT30.c: 2 warnings, 0 errors
compiling HardFault.c...
compiling 8AOAI_PROTOCOL.c...
compiling 32DIDO_PROTOCOL.c...
compiling define.c...
compiling DIDOAIAO.c...
..\PROTOCOL\DIDOAIAO.c(23): warning:  #167-D: argument of type "unsigned char *" is incompatible with parameter of type "const char *"
                memset(Tx_Buffer,0x00,strlen(Tx_Buffer));
..\PROTOCOL\DIDOAIAO.c(250): warning:  #167-D: argument of type "unsigned char *" is incompatible with parameter of type "const char *"
                memset(Tx_Buffer,0x00,strlen(Tx_Buffer));
..\PROTOCOL\DIDOAIAO.c(387): warning:  #550-D: variable "Temp2" was set but never used
        unsigned int Temp1=0,Temp2=0;
..\PROTOCOL\DIDOAIAO.c(388): warning:  #177-D: variable "XorDataTemp" was declared but never referenced
        unsigned int XorDataTemp,AnalogCh_Num=0,DigitalDataByte_Num=0;
..\PROTOCOL\DIDOAIAO.c: 4 warnings, 0 errors
compiling LOT.c...
..\PROTOCOL\LOT.c(127): warning:  #167-D: argument of type "unsigned char *" is incompatible with parameter of type "const char *"
                            memset(Tx_Buffer,0x00,strlen(Tx_Buffer));
..\PROTOCOL\LOT.c(190): warning:  #167-D: argument of type "unsigned char *" is incompatible with parameter of type "const char *"
                 memset(Tx_Buffer,0x00,strlen(Tx_Buffer));
..\PROTOCOL\LOT.c(245): warning:  #167-D: argument of type "unsigned char *" is incompatible with parameter of type "const char *"
                  memset(Tx_Buffer,0x00,strlen(Tx_Buffer));
..\PROTOCOL\LOT.c(300): warning:  #167-D: argument of type "unsigned char *" is incompatible with parameter of type "const char *"
                memset(Tx_Buffer,0x00,strlen(Tx_Buffer));
..\PROTOCOL\LOT.c: 4 warnings, 0 errors
compiling Net_Parameter_Setting.c...
..\PROTOCOL\Net_Parameter_Setting.c(535): warning:  #223-D: function "SoftRestart" declared implicitly
                        SoftRestart();  
..\PROTOCOL\Net_Parameter_Setting.c(61): warning:  #550-D: variable "XorDataTemp" was set but never used
          unsigned int i =0,j=0,XorDataTemp=0;  
..\PROTOCOL\Net_Parameter_Setting.c: 2 warnings, 0 errors
compiling Flash.c...
..\IAP\Flash.c(103): warning:  #177-D: variable "state" was declared but never referenced
        u32 state=0;
..\IAP\Flash.c: 1 warning, 0 errors
compiling IAP.c...
compiling tcp_demo.c...
compiling ff.c...
compiling diskio.c...
compiling exfuns.c...
compiling fattester.c...
..\FATFS\exfuns\fattester.c(304): warning:  #188-D: enumerated type mixed with another type
                                                  res = mf_scan_files_delete(files);
..\FATFS\exfuns\fattester.c(423): warning:  #167-D: argument of type "u8 *" is incompatible with parameter of type "const char *"
                                          i=strlen(path);
..\FATFS\exfuns\fattester.c(424): warning:  #167-D: argument of type "u8 *" is incompatible with parameter of type "char *restrict"
                              sprintf (&path[i],"/%s\r\n",fileinfo.fname);
..\FATFS\exfuns\fattester.c(429): warning:  #188-D: enumerated type mixed with another type
                                                res=mfscan_files(path);
..\FATFS\exfuns\fattester.c(854): warning:  #167-D: argument of type "unsigned char *" is incompatible with parameter of type "const char *"
         DataInputLength = strlen(data);//????????确定循环??????0XAD，0XCD，
..\FATFS\exfuns\fattester.c: 5 warnings, 0 errors
compiling cc936.c...
compiling usmart.c...
compiling usmart_config.c...
compiling usmart_str.c...
compiling malloc.c...
linking...
Program Size: Code=70824 RO-data=176564 RW-data=684 ZI-data=31703796  
FromELF: creating hex file...
"..\OBJ\Template.axf" - 0 Error(s), 32 Warning(s).

<h2>Collection of Component include folders:</h2>
  C:\Users\zzw98\Desktop\Y2021M04D30H16-32DIDI6AI8AO新协议\MDK\RTE
  D:\Keil_v5\ARM\PACK\Keil\STM32F7xx_DFP\2.14.1\Drivers\CMSIS\Device\ST\STM32F7xx\Include

<h2>Collection of Component Files used:</h2>
</pre>
</body>
</html>
